Component: ARM Compiler 5.06 update 7 (build 960) Tool: armlink [4d3601]

==============================================================================

Section Cross References

    startup_stm32f103xb.o(STACK) refers (Special) to heapauxi.o(.text) for __use_two_region_memory
    startup_stm32f103xb.o(HEAP) refers (Special) to heapauxi.o(.text) for __use_two_region_memory
    startup_stm32f103xb.o(RESET) refers (Special) to heapauxi.o(.text) for __use_two_region_memory
    startup_stm32f103xb.o(RESET) refers to startup_stm32f103xb.o(STACK) for __initial_sp
    startup_stm32f103xb.o(RESET) refers to startup_stm32f103xb.o(.text) for Reset_Handler
    startup_stm32f103xb.o(RESET) refers to stm32f1xx_it.o(i.NMI_Handler) for NMI_Handler
    startup_stm32f103xb.o(RESET) refers to stm32f1xx_it.o(i.HardFault_Handler) for HardFault_Handler
    startup_stm32f103xb.o(RESET) refers to stm32f1xx_it.o(i.MemManage_Handler) for MemManage_Handler
    startup_stm32f103xb.o(RESET) refers to stm32f1xx_it.o(i.BusFault_Handler) for BusFault_Handler
    startup_stm32f103xb.o(RESET) refers to stm32f1xx_it.o(i.UsageFault_Handler) for UsageFault_Handler
    startup_stm32f103xb.o(RESET) refers to stm32f1xx_it.o(i.SVC_Handler) for SVC_Handler
    startup_stm32f103xb.o(RESET) refers to stm32f1xx_it.o(i.DebugMon_Handler) for DebugMon_Handler
    startup_stm32f103xb.o(RESET) refers to stm32f1xx_it.o(i.PendSV_Handler) for PendSV_Handler
    startup_stm32f103xb.o(RESET) refers to stm32f1xx_it.o(i.SysTick_Handler) for SysTick_Handler
    startup_stm32f103xb.o(RESET) refers to stm32f1xx_it.o(i.EXTI1_IRQHandler) for EXTI1_IRQHandler
    startup_stm32f103xb.o(RESET) refers to stm32f1xx_it.o(i.TIM2_IRQHandler) for TIM2_IRQHandler
    startup_stm32f103xb.o(RESET) refers to stm32f1xx_it.o(i.TIM3_IRQHandler) for TIM3_IRQHandler
    startup_stm32f103xb.o(RESET) refers to stm32f1xx_it.o(i.USART1_IRQHandler) for USART1_IRQHandler
    startup_stm32f103xb.o(.text) refers (Special) to heapauxi.o(.text) for __use_two_region_memory
    startup_stm32f103xb.o(.text) refers to system_stm32f1xx.o(i.SystemInit) for SystemInit
    startup_stm32f103xb.o(.text) refers to __main.o(!!!main) for __main
    startup_stm32f103xb.o(.text) refers to startup_stm32f103xb.o(HEAP) for Heap_Mem
    startup_stm32f103xb.o(.text) refers to startup_stm32f103xb.o(STACK) for Stack_Mem
    main.o(i.HAL_GPIO_EXTI_Callback) refers to main.o(i.Set_Led) for Set_Led
    main.o(i.HAL_GPIO_EXTI_Callback) refers to main.o(.data) for .data
    main.o(i.HAL_TIM_PeriodElapsedCallback) refers to stm32f1xx_hal_cortex.o(i.HAL_NVIC_EnableIRQ) for HAL_NVIC_EnableIRQ
    main.o(i.HAL_TIM_PeriodElapsedCallback) refers to main.o(i.Set_Led) for Set_Led
    main.o(i.HAL_TIM_PeriodElapsedCallback) refers to main.o(.bss) for .bss
    main.o(i.HAL_TIM_PeriodElapsedCallback) refers to main.o(.data) for .data
    main.o(i.MX_GPIO_Init) refers to stm32f1xx_hal_gpio.o(i.HAL_GPIO_WritePin) for HAL_GPIO_WritePin
    main.o(i.MX_GPIO_Init) refers to stm32f1xx_hal_gpio.o(i.HAL_GPIO_Init) for HAL_GPIO_Init
    main.o(i.MX_GPIO_Init) refers to stm32f1xx_hal_cortex.o(i.HAL_NVIC_SetPriority) for HAL_NVIC_SetPriority
    main.o(i.MX_GPIO_Init) refers to stm32f1xx_hal_cortex.o(i.HAL_NVIC_EnableIRQ) for HAL_NVIC_EnableIRQ
    main.o(i.MX_TIM2_Init) refers to stm32f1xx_hal_tim.o(i.HAL_TIM_Base_Init) for HAL_TIM_Base_Init
    main.o(i.MX_TIM2_Init) refers to stm32f1xx_hal_tim.o(i.HAL_TIM_ConfigClockSource) for HAL_TIM_ConfigClockSource
    main.o(i.MX_TIM2_Init) refers to stm32f1xx_hal_tim_ex.o(i.HAL_TIMEx_MasterConfigSynchronization) for HAL_TIMEx_MasterConfigSynchronization
    main.o(i.MX_TIM2_Init) refers to main.o(.bss) for .bss
    main.o(i.MX_TIM3_Init) refers to stm32f1xx_hal_tim.o(i.HAL_TIM_Base_Init) for HAL_TIM_Base_Init
    main.o(i.MX_TIM3_Init) refers to stm32f1xx_hal_tim.o(i.HAL_TIM_ConfigClockSource) for HAL_TIM_ConfigClockSource
    main.o(i.MX_TIM3_Init) refers to stm32f1xx_hal_tim_ex.o(i.HAL_TIMEx_MasterConfigSynchronization) for HAL_TIMEx_MasterConfigSynchronization
    main.o(i.MX_TIM3_Init) refers to main.o(.bss) for .bss
    main.o(i.MY_LOG) refers to vsnprintf.o(.text) for vsnprintf
    main.o(i.MY_LOG) refers to stm32f1xx_hal_uart.o(i.HAL_UART_Transmit) for HAL_UART_Transmit
    main.o(i.Set_Led) refers to stm32f1xx_hal_gpio.o(i.HAL_GPIO_WritePin) for HAL_GPIO_WritePin
    main.o(i.Set_Led) refers to stm32f1xx_hal_cortex.o(i.HAL_NVIC_DisableIRQ) for HAL_NVIC_DisableIRQ
    main.o(i.Set_Led) refers to main.o(.data) for .data
    main.o(i.SystemClock_Config) refers to rt_memclr_w.o(.text) for __aeabi_memclr4
    main.o(i.SystemClock_Config) refers to stm32f1xx_hal_rcc.o(i.HAL_RCC_OscConfig) for HAL_RCC_OscConfig
    main.o(i.SystemClock_Config) refers to stm32f1xx_hal_rcc.o(i.HAL_RCC_ClockConfig) for HAL_RCC_ClockConfig
    main.o(i.get_iravg) refers to main.o(.bss) for .bss
    main.o(i.get_radavg) refers to main.o(.bss) for .bss
[...]
    .ARM.Collect$$libinit$$0000000A          0x080001f2   Section        0  libinit2.o(.ARM.Collect$$libinit$$0000000A)
    .ARM.Collect$$libinit$$0000000C          0x080001f2   Section        0  libinit2.o(.ARM.Collect$$libinit$$0000000C)
    .ARM.Collect$$libinit$$0000000E          0x080001f2   Section        0  libinit2.o(.ARM.Collect$$libinit$$0000000E)
    .ARM.Collect$$libinit$$0000000F          0x080001f2   Section        6  libinit2.o(.ARM.Collect$$libinit$$0000000F)
    .ARM.Collect$$libinit$$00000011          0x080001f8   Section        0  libinit2.o(.ARM.Collect$$libinit$$00000011)
    .ARM.Collect$$libinit$$00000012          0x080001f8   Section       12  libinit2.o(.ARM.Collect$$libinit$$00000012)
    .ARM.Collect$$libinit$$00000013          0x08000204   Section        0  libinit2.o(.ARM.Collect$$libinit$$00000013)
    .ARM.Collect$$libinit$$00000015          0x08000204   Section        0  libinit2.o(.ARM.Collect$$libinit$$00000015)
    .ARM.Collect$$libinit$$00000016          0x08000204   Section       10  libinit2.o(.ARM.Collect$$libinit$$00000016)
    .ARM.Collect$$libinit$$00000017          0x0800020e   Section        0  libinit2.o(.ARM.Collect$$libinit$$00000017)
    .ARM.Collect$$libinit$$00000019          0x0800020e   Section        0  libinit2.o(.ARM.Collect$$libinit$$00000019)
    .ARM.Collect$$libinit$$0000001B          0x0800020e   Section        0  libinit2.o(.ARM.Collect$$libinit$$0000001B)
    .ARM.Collect$$libinit$$0000001D          0x0800020e   Section        0  libinit2.o(.ARM.Collect$$libinit$$0000001D)
    .ARM.Collect$$libinit$$0000001F          0x0800020e   Section        0  libinit2.o(.ARM.Collect$$libinit$$0000001F)
    .ARM.Collect$$libinit$$00000021          0x0800020e   Section        0  libinit2.o(.ARM.Collect$$libinit$$00000021)
    .ARM.Collect$$libinit$$00000023          0x0800020e   Section        0  libinit2.o(.ARM.Collect$$libinit$$00000023)
    .ARM.Collect$$libinit$$00000025          0x0800020e   Section        0  libinit2.o(.ARM.Collect$$libinit$$00000025)
    .ARM.Collect$$libinit$$0000002C          0x0800020e   Section        0  libinit2.o(.ARM.Collect$$libinit$$0000002C)
    .ARM.Collect$$libinit$$0000002E          0x0800020e   Section        0  libinit2.o(.ARM.Collect$$libinit$$0000002E)
    .ARM.Collect$$libinit$$00000030          0x0800020e   Section        0  libinit2.o(.ARM.Collect$$libinit$$00000030)
    .ARM.Collect$$libinit$$00000032          0x0800020e   Section        0  libinit2.o(.ARM.Collect$$libinit$$00000032)
    .ARM.Collect$$libinit$$00000033          0x0800020e   Section        2  libinit2.o(.ARM.Collect$$libinit$$00000033)
    .ARM.Collect$$libshutdown$$00000000      0x08000210   Section        2  libshutdown.o(.ARM.Collect$$libshutdown$$00000000)
    .ARM.Collect$$libshutdown$$00000002      0x08000212   Section        0  libshutdown2.o(.ARM.Collect$$libshutdown$$00000002)
    .ARM.Collect$$libshutdown$$00000004      0x08000212   Section        0  libshutdown2.o(.ARM.Collect$$libshutdown$$00000004)
    .ARM.Collect$$libshutdown$$00000006      0x08000212   Section        0  libshutdown2.o(.ARM.Collect$$libshutdown$$00000006)
    .ARM.Collect$$libshutdown$$00000009      0x08000212   Section        0  libshutdown2.o(.ARM.Collect$$libshutdown$$00000009)
    .ARM.Collect$$libshutdown$$0000000C      0x08000212   Section        0  libshutdown2.o(.ARM.Collect$$libshutdown$$0000000C)
    .ARM.Collect$$libshutdown$$0000000E      0x08000212   Section        0  libshutdown2.o(.ARM.Collect$$libshutdown$$0000000E)
    .ARM.Collect$$libshutdown$$00000011      0x08000212   Section        0  libshutdown2.o(.ARM.Collect$$libshutdown$$00000011)
    .ARM.Collect$$libshutdown$$00000012      0x08000212   Section        2  libshutdown2.o(.ARM.Collect$$libshutdown$$00000012)
    .ARM.Collect$$rtentry$$00000000          0x08000214   Section        0  __rtentry.o(.ARM.Collect$$rtentry$$00000000)
    .ARM.Collect$$rtentry$$00000002          0x08000214   Section        0  __rtentry2.o(.ARM.Collect$$rtentry$$00000002)
    .ARM.Collect$$rtentry$$00000004          0x08000214   Section        6  __rtentry4.o(.ARM.Collect$$rtentry$$00000004)
    .ARM.Collect$$rtentry$$00000009          0x0800021a   Section        0  __rtentry2.o(.ARM.Collect$$rtentry$$00000009)
    .ARM.Collect$$rtentry$$0000000A          0x0800021a   Section        4  __rtentry2.o(.ARM.Collect$$rtentry$$0000000A)
    .ARM.Collect$$rtentry$$0000000C          0x0800021e   Section        0  __rtentry2.o(.ARM.Collect$$rtentry$$0000000C)
    .ARM.Collect$$rtentry$$0000000D          0x0800021e   Section        8  __rtentry2.o(.ARM.Collect$$rtentry$$0000000D)
    .ARM.Collect$$rtexit$$00000000           0x08000226   Section        2  rtexit.o(.ARM.Collect$$rtexit$$00000000)
    .ARM.Collect$$rtexit$$00000002           0x08000228   Section        0  rtexit2.o(.ARM.Collect$$rtexit$$00000002)
    .ARM.Collect$$rtexit$$00000003           0x08000228   Section        4  rtexit2.o(.ARM.Collect$$rtexit$$00000003)
    .ARM.Collect$$rtexit$$00000004           0x0800022c   Section        6  rtexit2.o(.ARM.Collect$$rtexit$$00000004)
    .text                                    0x08000234   Section       64  startup_stm32f103xb.o(.text)
    .text                                    0x08000274   Section        0  vsnprintf.o(.text)
    .text                                    0x080002a8   Section      100  rt_memcpy_w.o(.text)
    .text                                    0x0800030c   Section       78  rt_memclr_w.o(.text)
    .text                                    0x0800035a   Section        0  heapauxi.o(.text)
    .text                                    0x08000360   Section        0  _printf_pad.o(.text)
    .text                                    0x080003ae   Section        0  _printf_truncate.o(.text)
    .text                                    0x080003d2   Section        0  _printf_str.o(.text)
    .text                                    0x08000424   Section        0  _printf_dec.o(.text)
    .text                                    0x0800049c   Section        0  _printf_charcount.o(.text)
    .text                                    0x080004c4   Section        0  _printf_char_common.o(.text)
    _printf_input_char                       0x080004c5   Thumb Code    10  _printf_char_common.o(.text)
    .text                                    0x080004f4   Section        0  _sputc.o(.text)
    .text                                    0x080004fe   Section        0  _snputc.o(.text)
    .text                                    0x08000510   Section        0  _printf_wctomb.o(.text)
    .text                                    0x080005cc   Section        0  _printf_longlong_dec.o(.text)
    .text                                    0x08000648   Section        0  _printf_oct_int_ll.o(.text)
    _printf_longlong_oct_internal            0x08000649   Thumb Code     0  _printf_oct_int_ll.o(.text)
    .text                                    0x080006b8   Section        0  _printf_hex_int_ll_ptr.o(.text)
    _printf_hex_common                       0x080006b9   Thumb Code     0  _printf_hex_int_ll_ptr.o(.text)
    .text                                    0x0800074c   Section        0  __printf_flags_ss_wp.o(.text)
    .text                                    0x080008d4   Section      138  lludiv10.o(.text)
    .text                                    0x0800095e   Section        0  _printf_intcommon.o(.text)
    .text                                    0x08000a10   Section        0  _printf_fp_dec.o(.text)
    _fp_digits                               0x08000a13   Thumb Code   432  _printf_fp_dec.o(.text)
    .text                                    0x08000e30   Section        0  _printf_fp_hex.o(.text)
    .text                                    0x0800112c   Section        0  _printf_char.o(.text)
    .text                                    0x08001158   Section        0  _printf_wchar.o(.text)
    .text                                    0x08001184   Section        0  _wcrtomb.o(.text)
    .text                                    0x080011c4   Section       74  sys_stackheap_outer.o(.text)
    .text                                    0x08001210   Section       16  rt_ctype_table.o(.text)
    .text                                    0x08001220   Section        8  rt_locale_intlibspace.o(.text)
    .text                                    0x08001228   Section        0  _printf_fp_infnan.o(.text)
    .text                                    0x080012a8   Section        0  bigflt0.o(.text)
    .text                                    0x0800138c   Section        0  exit.o(.text)
    .text                                    0x080013a0   Section        8  libspace.o(.text)
    .text                                    0x080013a8   Section      128  strcmpv7m.o(.text)
    .text                                    0x08001428   Section        0  sys_exit.o(.text)
    .text                                    0x08001434   Section        2  use_no_semi.o(.text)
    .text                                    0x08001436   Section        0  indicate_semi.o(.text)
    CL$$btod_d2e                             0x08001436   Section       62  btod.o(CL$$btod_d2e)
    CL$$btod_d2e_denorm_low                  0x08001474   Section       70  btod.o(CL$$btod_d2e_denorm_low)
    CL$$btod_d2e_norm_op1                    0x080014ba   Section       96  btod.o(CL$$btod_d2e_norm_op1)
    CL$$btod_div_common                      0x0800151a   Section      824  btod.o(CL$$btod_div_common)
    CL$$btod_e2e                             0x08001852   Section      220  btod.o(CL$$btod_e2e)
    CL$$btod_ediv                            0x0800192e   Section       42  btod.o(CL$$btod_ediv)
    CL$$btod_emul                            0x08001958   Section       42  btod.o(CL$$btod_emul)
    CL$$btod_mult_common                     0x08001982   Section      580  btod.o(CL$$btod_mult_common)
    i.BusFault_Handler                       0x08001bc6   Section        0  stm32f1xx_it.o(i.BusFault_Handler)
    i.DebugMon_Handler                       0x08001bc8   Section        0  stm32f1xx_it.o(i.DebugMon_Handler)
    i.EXTI1_IRQHandler                       0x08001bca   Section        0  stm32f1xx_it.o(i.EXTI1_IRQHandler)
    i.HAL_DMA_Abort                          0x08001bd0   Section        0  stm32f1xx_hal_dma.o(i.HAL_DMA_Abort)
    i.HAL_DMA_Abort_IT                       0x08001c18   Section        0  stm32f1xx_hal_dma.o(i.HAL_DMA_Abort_IT)
    i.HAL_GPIO_EXTI_Callback                 0x08001cb0   Section        0  main.o(i.HAL_GPIO_EXTI_Callback)
    i.HAL_GPIO_EXTI_IRQHandler               0x08001d0c   Section        0  stm32f1xx_hal_gpio.o(i.HAL_GPIO_EXTI_IRQHandler)
    i.HAL_GPIO_Init                          0x08001d24   Section        0  stm32f1xx_hal_gpio.o(i.HAL_GPIO_Init)
    i.HAL_GPIO_WritePin                      0x08001f04   Section        0  stm32f1xx_hal_gpio.o(i.HAL_GPIO_WritePin)
    i.HAL_GetTick                            0x08001f10   Section        0  stm32f1xx_hal.o(i.HAL_GetTick)
    i.HAL_IncTick                            0x08001f1c   Section        0  stm32f1xx_hal.o(i.HAL_IncTick)
    i.HAL_Init                               0x08001f2c   Section        0  stm32f1xx_hal.o(i.HAL_Init)
    i.HAL_InitTick                           0x08001f50   Section        0  stm32f1xx_hal.o(i.HAL_InitTick)
    i.HAL_MspInit                            0x08001f90   Section        0  stm32f1xx_hal_msp.o(i.HAL_MspInit)
    i.HAL_NVIC_DisableIRQ                    0x08001fd4   Section        0  stm32f1xx_hal_cortex.o(i.HAL_NVIC_DisableIRQ)
    i.HAL_NVIC_EnableIRQ                     0x08001ff6   Section        0  stm32f1xx_hal_cortex.o(i.HAL_NVIC_EnableIRQ)
    i.HAL_NVIC_SetPriority                   0x08002010   Section        0  stm32f1xx_hal_cortex.o(i.HAL_NVIC_SetPriority)
    i.HAL_NVIC_SetPriorityGrouping           0x08002050   Section        0  stm32f1xx_hal_cortex.o(i.HAL_NVIC_SetPriorityGrouping)
    i.HAL_RCC_ClockConfig                    0x08002074   Section        0  stm32f1xx_hal_rcc.o(i.HAL_RCC_ClockConfig)
    i.HAL_RCC_GetPCLK1Freq                   0x080021a0   Section        0  stm32f1xx_hal_rcc.o(i.HAL_RCC_GetPCLK1Freq)
    i.HAL_RCC_GetPCLK2Freq                   0x080021c0   Section        0  stm32f1xx_hal_rcc.o(i.HAL_RCC_GetPCLK2Freq)
    i.HAL_RCC_GetSysClockFreq                0x080021e0   Section        0  stm32f1xx_hal_rcc.o(i.HAL_RCC_GetSysClockFreq)
    i.HAL_RCC_OscConfig                      0x0800222c   Section        0  stm32f1xx_hal_rcc.o(i.HAL_RCC_OscConfig)
    i.HAL_SYSTICK_Config                     0x0800254c   Section        0  stm32f1xx_hal_cortex.o(i.HAL_SYSTICK_Config)
    i.HAL_TIMEx_BreakCallback                0x08002574   Section        0  stm32f1xx_hal_tim_ex.o(i.HAL_TIMEx_BreakCallback)
    i.HAL_TIMEx_CommutCallback               0x08002576   Section        0  stm32f1xx_hal_tim_ex.o(i.HAL_TIMEx_CommutCallback)
    i.HAL_TIMEx_MasterConfigSynchronization  0x08002578   Section        0  stm32f1xx_hal_tim_ex.o(i.HAL_TIMEx_MasterConfigSynchronization)
    i.HAL_TIM_Base_Init                      0x080025e0   Section        0  stm32f1xx_hal_tim.o(i.HAL_TIM_Base_Init)
    i.HAL_TIM_Base_MspInit                   0x0800263c   Section        0  stm32f1xx_hal_msp.o(i.HAL_TIM_Base_MspInit)
    i.HAL_TIM_Base_Start_IT                  0x0800269c   Section        0  stm32f1xx_hal_tim.o(i.HAL_TIM_Base_Start_IT)
    i.HAL_TIM_ConfigClockSource              0x080026f4   Section        0  stm32f1xx_hal_tim.o(i.HAL_TIM_ConfigClockSource)
    i.HAL_TIM_IC_CaptureCallback             0x080027d0   Section        0  stm32f1xx_hal_tim.o(i.HAL_TIM_IC_CaptureCallback)
    i.HAL_TIM_IRQHandler                     0x080027d2   Section        0  stm32f1xx_hal_tim.o(i.HAL_TIM_IRQHandler)
    i.HAL_TIM_OC_DelayElapsedCallback        0x08002938   Section        0  stm32f1xx_hal_tim.o(i.HAL_TIM_OC_DelayElapsedCallback)
    i.HAL_TIM_PWM_PulseFinishedCallback      0x0800293a   Section        0  stm32f1xx_hal_tim.o(i.HAL_TIM_PWM_PulseFinishedCallback)
    i.HAL_TIM_PeriodElapsedCallback          0x0800293c   Section        0  main.o(i.HAL_TIM_PeriodElapsedCallback)
    i.HAL_TIM_TriggerCallback                0x08002970   Section        0  stm32f1xx_hal_tim.o(i.HAL_TIM_TriggerCallback)
    i.HAL_UARTEx_RxEventCallback             0x08002972   Section        0  stm32f1xx_hal_uart.o(i.HAL_UARTEx_RxEventCallback)
    i.HAL_UART_ErrorCallback                 0x08002974   Section        0  stm32f1xx_hal_uart.o(i.HAL_UART_ErrorCallback)
    i.HAL_UART_IRQHandler                    0x08002978   Section        0  stm32f1xx_hal_uart.o(i.HAL_UART_IRQHandler)
    i.HAL_UART_Init                          0x08002be4   Section        0  stm32f1xx_hal_uart.o(i.HAL_UART_Init)
    i.HAL_UART_MspInit                       0x08002c48   Section        0  stm32f1xx_hal_msp.o(i.HAL_UART_MspInit)
    i.HAL_UART_RxCpltCallback                0x08002cc8   Section        0  stm32f1xx_hal_uart.o(i.HAL_UART_RxCpltCallback)
    i.HAL_UART_Transmit                      0x08002cca   Section        0  stm32f1xx_hal_uart.o(i.HAL_UART_Transmit)
    i.HAL_UART_TxCpltCallback                0x08002d64   Section        0  stm32f1xx_hal_uart.o(i.HAL_UART_TxCpltCallback)
    i.HardFault_Handler                      0x08002d66   Section        0  stm32f1xx_it.o(i.HardFault_Handler)
    i.MX_GPIO_Init                           0x08002d68   Section        0  main.o(i.MX_GPIO_Init)
    MX_GPIO_Init                             0x08002d69   Thumb Code   228  main.o(i.MX_GPIO_Init)
    i.MX_TIM2_Init                           0x08002e60   Section        0  main.o(i.MX_TIM2_Init)
    MX_TIM2_Init                             0x08002e61   Thumb Code    98  main.o(i.MX_TIM2_Init)
    i.MX_TIM3_Init                           0x08002ec8   Section        0  main.o(i.MX_TIM3_Init)
    MX_TIM3_Init                             0x08002ec9   Thumb Code    94  main.o(i.MX_TIM3_Init)
    i.MY_LOG                                 0x08002f30   Section        0  main.o(i.MY_LOG)
    i.MemManage_Handler                      0x08002f68   Section        0  stm32f1xx_it.o(i.MemManage_Handler)
    i.NMI_Handler                            0x08002f6a   Section        0  stm32f1xx_it.o(i.NMI_Handler)
    i.PendSV_Handler                         0x08002f6c   Section        0  stm32f1xx_it.o(i.PendSV_Handler)
    i.SVC_Handler                            0x08002f6e   Section        0  stm32f1xx_it.o(i.SVC_Handler)
    i.Set_Led                                0x08002f70   Section        0  main.o(i.Set_Led)
    i.SysTick_Handler                        0x08002fd0   Section        0  stm32f1xx_it.o(i.SysTick_Handler)
    i.SystemClock_Config                     0x08002fd4   Section        0  main.o(i.SystemClock_Config)
    i.SystemInit                             0x08003032   Section        0  system_stm32f1xx.o(i.SystemInit)
    i.TIM2_IRQHandler                        0x08003034   Section        0  stm32f1xx_it.o(i.TIM2_IRQHandler)
    i.TIM3_IRQHandler                        0x08003040   Section        0  stm32f1xx_it.o(i.TIM3_IRQHandler)
    i.TIM_Base_SetConfig                     0x0800304c   Section        0  stm32f1xx_hal_tim.o(i.TIM_Base_SetConfig)
    i.TIM_ETR_SetConfig                      0x080030b8   Section        0  stm32f1xx_hal_tim.o(i.TIM_ETR_SetConfig)
    i.TIM_ITRx_SetConfig                     0x080030cc   Section        0  stm32f1xx_hal_tim.o(i.TIM_ITRx_SetConfig)
    TIM_ITRx_SetConfig                       0x080030cd   Thumb Code    16  stm32f1xx_hal_tim.o(i.TIM_ITRx_SetConfig)
    i.TIM_TI1_ConfigInputStage               0x080030dc   Section        0  stm32f1xx_hal_tim.o(i.TIM_TI1_ConfigInputStage)
    TIM_TI1_ConfigInputStage                 0x080030dd   Thumb Code    34  stm32f1xx_hal_tim.o(i.TIM_TI1_ConfigInputStage)
    i.TIM_TI2_ConfigInputStage               0x080030fe   Section        0  stm32f1xx_hal_tim.o(i.TIM_TI2_ConfigInputStage)
    TIM_TI2_ConfigInputStage                 0x080030ff   Thumb Code    36  stm32f1xx_hal_tim.o(i.TIM_TI2_ConfigInputStage)
    i.UART_DMAAbortOnError                   0x08003122   Section        0  stm32f1xx_hal_uart.o(i.UART_DMAAbortOnError)
    UART_DMAAbortOnError                     0x08003123   Thumb Code    16  stm32f1xx_hal_uart.o(i.UART_DMAAbortOnError)
    i.UART_EndRxTransfer                     0x08003132   Section        0  stm32f1xx_hal_uart.o(i.UART_EndRxTransfer)
    UART_EndRxTransfer                       0x08003133   Thumb Code    78  stm32f1xx_hal_uart.o(i.UART_EndRxTransfer)
    i.UART_Receive_IT                        0x08003180   Section        0  stm32f1xx_hal_uart.o(i.UART_Receive_IT)
    UART_Receive_IT                          0x08003181   Thumb Code   194  stm32f1xx_hal_uart.o(i.UART_Receive_IT)
    i.UART_SetConfig                         0x08003244   Section        0  stm32f1xx_hal_uart.o(i.UART_SetConfig)
    UART_SetConfig                           0x08003245   Thumb Code   178  stm32f1xx_hal_uart.o(i.UART_SetConfig)
    i.UART_WaitOnFlagUntilTimeout            0x080032fc   Section        0  stm32f1xx_hal_uart.o(i.UART_WaitOnFlagUntilTimeout)
    UART_WaitOnFlagUntilTimeout              0x080032fd   Thumb Code   120  stm32f1xx_hal_uart.o(i.UART_WaitOnFlagUntilTimeout)
    i.USART1_IRQHandler                      0x08003374   Section        0  stm32f1xx_it.o(i.USART1_IRQHandler)
    i.UsageFault_Handler                     0x08003380   Section        0  stm32f1xx_it.o(i.UsageFault_Handler)
    i.__ARM_fpclassify                       0x08003382   Section        0  fpclassify.o(i.__ARM_fpclassify)
    i.__NVIC_SetPriority                     0x080033aa   Section        0  stm32f1xx_hal_cortex.o(i.__NVIC_SetPriority)
    __NVIC_SetPriority                       0x080033ab   Thumb Code    32  stm32f1xx_hal_cortex.o(i.__NVIC_SetPriority)
    i._is_digit                              0x080033ca   Section        0  __printf_wp.o(i._is_digit)
    i.get_iravg                              0x080033d8   Section        0  main.o(i.get_iravg)
    i.get_radavg                             0x08003408   Section        0  main.o(i.get_radavg)
    i.main                                   0x08003438   Section        0  main.o(i.main)
    locale$$code                             0x08003540   Section       44  lc_numeric_c.o(locale$$code)
    locale$$code                             0x0800356c   Section       44  lc_ctype_c.o(locale$$code)
    x$fpl$printf1                            0x08003598   Section        4  printf1.o(x$fpl$printf1)
    x$fpl$printf2                            0x0800359c   Section        4  printf2.o(x$fpl$printf2)
    .constdata                               0x080035a0   Section       18  stm32f1xx_hal_rcc.o(.constdata)
    x$fpl$usenofp                            0x080035a0   Section        0  usenofp.o(x$fpl$usenofp)
    aPredivFactorTable                       0x080035a0   Data           2  stm32f1xx_hal_rcc.o(.constdata)
    aPLLMULFactorTable                       0x080035a2   Data          16  stm32f1xx_hal_rcc.o(.constdata)
    .constdata                               0x080035b2   Section       16  system_stm32f1xx.o(.constdata)
    .constdata                               0x080035c2   Section        8  system_stm32f1xx.o(.constdata)
    .constdata                               0x080035cc   Section        8  _printf_wctomb.o(.constdata)
    initial_mbstate                          0x080035cc   Data           8  _printf_wctomb.o(.constdata)
    .constdata                               0x080035d4   Section       40  _printf_hex_int_ll_ptr.o(.constdata)
    uc_hextab                                0x080035d4   Data          20  _printf_hex_int_ll_ptr.o(.constdata)
    lc_hextab                                0x080035e8   Data          20  _printf_hex_int_ll_ptr.o(.constdata)
    .constdata                               0x080035fc   Section       17  __printf_flags_ss_wp.o(.constdata)
    maptable                                 0x080035fc   Data          17  __printf_flags_ss_wp.o(.constdata)
    .constdata                               0x0800360d   Section       38  _printf_fp_hex.o(.constdata)
    lc_hextab                                0x0800360d   Data          19  _printf_fp_hex.o(.constdata)
    uc_hextab                                0x08003620   Data          19  _printf_fp_hex.o(.constdata)
    .constdata                               0x08003634   Section      148  bigflt0.o(.constdata)
    tenpwrs_x                                0x08003634   Data          60  bigflt0.o(.constdata)
    tenpwrs_i                                0x08003670   Data          64  bigflt0.o(.constdata)
    locale$$data                             0x080036e8   Section       28  lc_numeric_c.o(locale$$data)
    __lcnum_c_name                           0x080036ec   Data           2  lc_numeric_c.o(locale$$data)
    __lcnum_c_start                          0x080036f4   Data           0  lc_numeric_c.o(locale$$data)
    __lcnum_c_point                          0x08003700   Data           0  lc_numeric_c.o(locale$$data)
    __lcnum_c_thousands                      0x08003702   Data           0  lc_numeric_c.o(locale$$data)
    __lcnum_c_grouping                       0x08003703   Data           0  lc_numeric_c.o(locale$$data)
    locale$$data                             0x08003704   Section      272  lc_ctype_c.o(locale$$data)
    __lcnum_c_end                            0x08003704   Data           0  lc_numeric_c.o(locale$$data)
    __lcctype_c_name                         0x08003708   Data           2  lc_ctype_c.o(locale$$data)
    __lcctype_c_start                        0x08003710   Data           0  lc_ctype_c.o(locale$$data)
    __lcctype_c_end                          0x08003814   Data           0  lc_ctype_c.o(locale$$data)
    .data                                    0x20000000   Section       20  main.o(.data)
    .data                                    0x20000014   Section       12  stm32f1xx_hal.o(.data)
    .data                                    0x20000020   Section        4  system_stm32f1xx.o(.data)
    .bss                                     0x20000024   Section      256  main.o(.bss)
    .bss                                     0x20000124   Section       96  libspace.o(.bss)
    HEAP                                     0x20000188   Section      512  startup_stm32f103xb.o(HEAP)
    Heap_Mem                                 0x20000188   Data         512  startup_stm32f103xb.o(HEAP)
    STACK                                    0x20000388   Section     1024  startup_stm32f103xb.o(STACK)
    Stack_Mem                                0x20000388   Data        1024  startup_stm32f103xb.o(STACK)
    __initial_sp                             0x20000788   Data           0  startup_stm32f103xb.o(STACK)

    Global Symbols

    Symbol Name                              Value     Ov Type        Size  Object(Section)

    BuildAttributes$$THM_ISAv4$P$D$K$B$S$PE$A:L22UL41UL21$X:L11$S22US41US21$IEEE1$IW$USESV6$~STKCKD$USESV7$~SHL$OTIME$ROPI$IEEEJ$EBA8$UX$STANDARDLIB$REQ8$PRES8$EABIv2 0x00000000   Number         0  anon$$obj.o ABSOLUTE
    __ARM_use_no_argv                        0x00000000   Number         0  main.o ABSOLUTE
    _printf_flags                            0x00000000   Number         0  printf_stubs.o ABSOLUTE
    _printf_return_value                     0x00000000   Number         0  printf_stubs.o ABSOLUTE
    _printf_sizespec                         0x00000000   Number         0  printf_stubs.o ABSOLUTE
    _printf_widthprec                        0x00000000   Number         0  printf_stubs.o ABSOLUTE
    __ARM_exceptions_init                     - Undefined Weak Reference
    __alloca_initialize                       - Undefined Weak Reference
    __arm_fini_                               - Undefined Weak Reference
    __arm_preinit_                            - Undefined Weak Reference
    __cpp_initialize__aeabi_                  - Undefined Weak Reference
    __cxa_finalize                            - Undefined Weak Reference
    __sigvec_lookup                           - Undefined Weak Reference
    _atexit_init                              - Undefined Weak Reference
    _call_atexit_fns                          - Undefined Weak Reference
    _clock_init                               - Undefined Weak Reference
    _fp_trap_init                             - Undefined Weak Reference
    _fp_trap_shutdown                         - Undefined Weak Reference
    _get_lc_collate                           - Undefined Weak Reference
    _get_lc_monetary                          - Undefined Weak Reference
    _get_lc_time                              - Undefined Weak Reference
    _getenv_init                              - Undefined Weak Reference
    _handle_redirection                       - Undefined Weak Reference
    _init_alloc                               - Undefined Weak Reference
    _init_user_alloc                          - Undefined Weak Reference
    _initio                                   - Undefined Weak Reference
    _printf_mbtowc                            - Undefined Weak Reference
    _printf_wc                                - Undefined Weak Reference
    _rand_init                                - Undefined Weak Reference
    _signal_finish                            - Undefined Weak Reference
    _signal_init                              - Undefined Weak Reference
    _terminate_alloc                          - Undefined Weak Reference
    _terminate_user_alloc                     - Undefined Weak Reference
    _terminateio                              - Undefined Weak Reference
    __Vectors_Size                           0x000000ec   Number         0  startup_stm32f103xb.o ABSOLUTE
    __Vectors                                0x08000000   Data           4  startup_stm32f103xb.o(RESET)
    __Vectors_End                            0x080000ec   Data           0  startup_stm32f103xb.o(RESET)
    __main                                   0x080000ed   Thumb Code     8  __main.o(!!!main)
    __scatterload                            0x080000f5   Thumb Code     0  __scatter.o(!!!scatter)
    __scatterload_rt2                        0x080000f5   Thumb Code    44  __scatter.o(!!!scatter)
    __scatterload_rt2_thumb_only             0x080000f5   Thumb Code     0  __scatter.o(!!!scatter)
    __scatterload_null                       0x08000103   Thumb Code     0  __scatter.o(!!!scatter)
    __scatterload_copy                       0x08000129   Thumb Code    26  __scatter_copy.o(!!handler_copy)
    __scatterload_zeroinit                   0x08000145   Thumb Code    28  __scatter_zi.o(!!handler_zi)
    _printf_n                                0x08000161   Thumb Code     0  _printf_n.o(.ARM.Collect$$_printf_percent$$00000001)
    _printf_percent                          0x08000161   Thumb Code     0  _printf_percent.o(.ARM.Collect$$_printf_percent$$00000000)
    _printf_p                                0x08000167   Thumb Code     0  _printf_p.o(.ARM.Collect$$_printf_percent$$00000002)
    _printf_f                                0x0800016d   Thumb Code     0  _printf_f.o(.ARM.Collect$$_printf_percent$$00000003)
    _printf_e                                0x08000173   Thumb Code     0  _printf_e.o(.ARM.Collect$$_printf_percent$$00000004)
    _printf_g                                0x08000179   Thumb Code     0  _printf_g.o(.ARM.Collect$$_printf_percent$$00000005)
    _printf_a                                0x0800017f   Thumb Code     0  _printf_a.o(.ARM.Collect$$_printf_percent$$00000006)
    _printf_ll                               0x08000185   Thumb Code     0  _printf_ll.o(.ARM.Collect$$_printf_percent$$00000007)
    _printf_i                                0x0800018f   Thumb Code     0  _printf_i.o(.ARM.Collect$$_printf_percent$$00000008)
    _printf_d                                0x08000195   Thumb Code     0  _printf_d.o(.ARM.Collect$$_printf_percent$$00000009)
    _printf_u                                0x0800019b   Thumb Code     0  _printf_u.o(.ARM.Collect$$_printf_percent$$0000000A)
    _printf_o                                0x080001a1   Thumb Code     0  _printf_o.o(.ARM.Collect$$_printf_percent$$0000000B)
    _printf_x                                0x080001a7   Thumb Code     0  _printf_x.o(.ARM.Collect$$_printf_percent$$0000000C)
    _printf_lli                              0x080001ad   Thumb Code     0  _printf_lli.o(.ARM.Collect$$_printf_percent$$0000000D)
    _printf_lld                              0x080001b3   Thumb Code     0  _printf_lld.o(.ARM.Collect$$_printf_percent$$0000000E)
    _printf_llu                              0x080001b9   Thumb Code     0  _printf_llu.o(.ARM.Collect$$_printf_percent$$0000000F)
    _printf_llo                              0x080001bf   Thumb Code     0  _printf_llo.o(.ARM.Collect$$_printf_percent$$00000010)
    _printf_llx                              0x080001c5   Thumb Code     0  _printf_llx.o(.ARM.Collect$$_printf_percent$$00000011)
    _printf_l                                0x080001cb   Thumb Code     0  _printf_l.o(.ARM.Collect$$_printf_percent$$00000012)
    _printf_c                                0x080001d5   Thumb Code     0  _printf_c.o(.ARM.Collect$$_printf_percent$$00000013)
    _printf_s                                0x080001db   Thumb Code     0  _printf_s.o(.ARM.Collect$$_printf_percent$$00000014)
    _printf_lc                               0x080001e1   Thumb Code     0  _printf_lc.o(.ARM.Collect$$_printf_percent$$00000015)
    _printf_ls                               0x080001e7   Thumb Code     0  _printf_ls.o(.ARM.Collect$$_printf_percent$$00000016)
    _printf_percent_end                      0x080001ed   Thumb Code     0  _printf_percent_end.o(.ARM.Collect$$_printf_percent$$00000017)
    __rt_lib_init                            0x080001f1   Thumb Code     0  libinit.o(.ARM.Collect$$libinit$$00000000)
    __rt_lib_init_fp_1                       0x080001f3   Thumb Code     0  libinit2.o(.ARM.Collect$$libinit$$00000002)
    __rt_lib_init_heap_1                     0x080001f3   Thumb Code     0  libinit2.o(.ARM.Collect$$libinit$$0000000A)
    __rt_lib_init_lc_common                  0x080001f3   Thumb Code     0  libinit2.o(.ARM.Collect$$libinit$$0000000F)
    __rt_lib_init_preinit_1                  0x080001f3   Thumb Code     0  libinit2.o(.ARM.Collect$$libinit$$00000004)
    __rt_lib_init_rand_1                     0x080001f3   Thumb Code     0  libinit2.o(.ARM.Collect$$libinit$$0000000E)
    __rt_lib_init_user_alloc_1               0x080001f3   Thumb Code     0  libinit2.o(.ARM.Collect$$libinit$$0000000C)
    __rt_lib_init_lc_collate_1               0x080001f9   Thumb Code     0  libinit2.o(.ARM.Collect$$libinit$$00000011)
    __rt_lib_init_lc_ctype_2                 0x080001f9   Thumb Code     0  libinit2.o(.ARM.Collect$$libinit$$00000012)
    __rt_lib_init_lc_ctype_1                 0x08000205   Thumb Code     0  libinit2.o(.ARM.Collect$$libinit$$00000013)
    __rt_lib_init_lc_monetary_1              0x08000205   Thumb Code     0  libinit2.o(.ARM.Collect$$libinit$$00000015)
    __rt_lib_init_lc_numeric_2               0x08000205   Thumb Code     0  libinit2.o(.ARM.Collect$$libinit$$00000016)
    __rt_lib_init_alloca_1                   0x0800020f   Thumb Code     0  libinit2.o(.ARM.Collect$$libinit$$0000002E)
    __rt_lib_init_argv_1                     0x0800020f   Thumb Code     0  libinit2.o(.ARM.Collect$$libinit$$0000002C)
    __rt_lib_init_atexit_1                   0x0800020f   Thumb Code     0  libinit2.o(.ARM.Collect$$libinit$$0000001B)
    __rt_lib_init_clock_1                    0x0800020f   Thumb Code     0  libinit2.o(.ARM.Collect$$libinit$$00000021)
    __rt_lib_init_cpp_1                      0x0800020f   Thumb Code     0  libinit2.o(.ARM.Collect$$libinit$$00000032)
    __rt_lib_init_exceptions_1               0x0800020f   Thumb Code     0  libinit2.o(.ARM.Collect$$libinit$$00000030)
    __rt_lib_init_fp_trap_1                  0x0800020f   Thumb Code     0  libinit2.o(.ARM.Collect$$libinit$$0000001F)
    __rt_lib_init_getenv_1                   0x0800020f   Thumb Code     0  libinit2.o(.ARM.Collect$$libinit$$00000023)
    __rt_lib_init_lc_numeric_1               0x0800020f   Thumb Code     0  libinit2.o(.ARM.Collect$$libinit$$00000017)
    __rt_lib_init_lc_time_1                  0x0800020f   Thumb Code     0  libinit2.o(.ARM.Collect$$libinit$$00000019)
    __rt_lib_init_return                     0x0800020f   Thumb Code     0  libinit2.o(.ARM.Collect$$libinit$$00000033)
    __rt_lib_init_signal_1                   0x0800020f   Thumb Code     0  libinit2.o(.ARM.Collect$$libinit$$0000001D)
    __rt_lib_init_stdio_1                    0x0800020f   Thumb Code     0  libinit2.o(.ARM.Collect$$libinit$$00000025)
    __rt_lib_shutdown                        0x08000211   Thumb Code     0  libshutdown.o(.ARM.Collect$$libshutdown$$00000000)
    __rt_lib_shutdown_cpp_1                  0x08000213   Thumb Code     0  libshutdown2.o(.ARM.Collect$$libshutdown$$00000004)
    __rt_lib_shutdown_fini_1                 0x08000213   Thumb Code     0  libshutdown2.o(.ARM.Collect$$libshutdown$$00000002)
    __rt_lib_shutdown_fp_trap_1              0x08000213   Thumb Code     0  libshutdown2.o(.ARM.Collect$$libshutdown$$00000009)
    __rt_lib_shutdown_heap_1                 0x08000213   Thumb Code     0  libshutdown2.o(.ARM.Collect$$libshutdown$$00000011)
    __rt_lib_shutdown_return                 0x08000213   Thumb Code     0  libshutdown2.o(.ARM.Collect$$libshutdown$$00000012)
    __rt_lib_shutdown_signal_1               0x08000213   Thumb Code     0  libshutdown2.o(.ARM.Collect$$libshutdown$$0000000C)
    __rt_lib_shutdown_stdio_1                0x08000213   Thumb Code     0  libshutdown2.o(.ARM.Collect$$libshutdown$$00000006)
    __rt_lib_shutdown_user_alloc_1           0x08000213   Thumb Code     0  libshutdown2.o(.ARM.Collect$$libshutdown$$0000000E)
    __rt_entry                               0x08000215   Thumb Code     0  __rtentry.o(.ARM.Collect$$rtentry$$00000000)
    __rt_entry_presh_1                       0x08000215   Thumb Code     0  __rtentry2.o(.ARM.Collect$$rtentry$$00000002)
    __rt_entry_sh                            0x08000215   Thumb Code     0  __rtentry4.o(.ARM.Collect$$rtentry$$00000004)
    __rt_entry_li                            0x0800021b   Thumb Code     0  __rtentry2.o(.ARM.Collect$$rtentry$$0000000A)
    __rt_entry_postsh_1                      0x0800021b   Thumb Code     0  __rtentry2.o(.ARM.Collect$$rtentry$$00000009)
    __rt_entry_main                          0x0800021f   Thumb Code     0  __rtentry2.o(.ARM.Collect$$rtentry$$0000000D)
    __rt_entry_postli_1                      0x0800021f   Thumb Code     0  __rtentry2.o(.ARM.Collect$$rtentry$$0000000C)
    __rt_exit                                0x08000227   Thumb Code     0  rtexit.o(.ARM.Collect$$rtexit$$00000000)
    __rt_exit_ls                             0x08000229   Thumb Code     0  rtexit2.o(.ARM.Collect$$rtexit$$00000003)
    __rt_exit_prels_1                        0x08000229   Thumb Code     0  rtexit2.o(.ARM.Collect$$rtexit$$00000002)
    __rt_exit_exit                           0x0800022d   Thumb Code     0  rtexit2.o(.ARM.Collect$$rtexit$$00000004)
    Reset_Handler                            0x08000235   Thumb Code     8  startup_stm32f103xb.o(.text)
    ADC1_2_IRQHandler                        0x0800024f   Thumb Code     0  startup_stm32f103xb.o(.text)
    CAN1_RX1_IRQHandler                      0x0800024f   Thumb Code     0  startup_stm32f103xb.o(.text)
    CAN1_SCE_IRQHandler                      0x0800024f   Thumb Code     0  startup_stm32f103xb.o(.text)
    DMA1_Channel1_IRQHandler                 0x0800024f   Thumb Code     0  startup_stm32f103xb.o(.text)
    DMA1_Channel2_IRQHandler                 0x0800024f   Thumb Code     0  startup_stm32f103xb.o(.text)
    DMA1_Channel3_IRQHandler                 0x0800024f   Thumb Code     0  startup_stm32f103xb.o(.text)
    DMA1_Channel4_IRQHandler                 0x0800024f   Thumb Code     0  startup_stm32f103xb.o(.text)
    DMA1_Channel5_IRQHandler                 0x0800024f   Thumb Code     0  startup_stm32f103xb.o(.text)
    DMA1_Channel6_IRQHandler                 0x0800024f   Thumb Code     0  startup_stm32f103xb.o(.text)
    DMA1_Channel7_IRQHandler                 0x0800024f   Thumb Code     0  startup_stm32f103xb.o(.text)
    EXTI0_IRQHandler                         0x0800024f   Thumb Code     0  startup_stm32f103xb.o(.text)
    EXTI15_10_IRQHandler                     0x0800024f   Thumb Code     0  startup_stm32f103xb.o(.text)
    EXTI2_IRQHandler                         0x0800024f   Thumb Code     0  startup_stm32f103xb.o(.text)
    EXTI3_IRQHandler                         0x0800024f   Thumb Code     0  startup_stm32f103xb.o(.text)
    EXTI4_IRQHandler                         0x0800024f   Thumb Code     0  startup_stm32f103xb.o(.text)
    EXTI9_5_IRQHandler                       0x0800024f   Thumb Code     0  startup_stm32f103xb.o(.text)
    FLASH_IRQHandler                         0x0800024f   Thumb Code     0  startup_stm32f103xb.o(.text)
    I2C1_ER_IRQHandler                       0x0800024f   Thumb Code     0  startup_stm32f103xb.o(.text)
    I2C1_EV_IRQHandler                       0x0800024f   Thumb Code     0  startup_stm32f103xb.o(.text)
    I2C2_ER_IRQHandler                       0x0800024f   Thumb Code     0  startup_stm32f103xb.o(.text)
    I2C2_EV_IRQHandler                       0x0800024f   Thumb Code     0  startup_stm32f103xb.o(.text)
    PVD_IRQHandler                           0x0800024f   Thumb Code     0  startup_stm32f103xb.o(.text)
    RCC_IRQHandler                           0x0800024f   Thumb Code     0  startup_stm32f103xb.o(.text)
    RTC_Alarm_IRQHandler                     0x0800024f   Thumb Code     0  startup_stm32f103xb.o(.text)
    RTC_IRQHandler                           0x0800024f   Thumb Code     0  startup_stm32f103xb.o(.text)
    SPI1_IRQHandler                          0x0800024f   Thumb Code     0  startup_stm32f103xb.o(.text)
    SPI2_IRQHandler                          0x0800024f   Thumb Code     0  startup_stm32f103xb.o(.text)
    TAMPER_IRQHandler                        0x0800024f   Thumb Code     0  startup_stm32f103xb.o(.text)
    TIM1_BRK_IRQHandler                      0x0800024f   Thumb Code     0  startup_stm32f103xb.o(.text)
    TIM1_CC_IRQHandler                       0x0800024f   Thumb Code     0  startup_stm32f103xb.o(.text)
    TIM1_TRG_COM_IRQHandler                  0x0800024f   Thumb Code     0  startup_stm32f103xb.o(.text)
    TIM1_UP_IRQHandler                       0x0800024f   Thumb Code     0  startup_stm32f103xb.o(.text)
    TIM4_IRQHandler                          0x0800024f   Thumb Code     0  startup_stm32f103xb.o(.text)
    USART2_IRQHandler                        0x0800024f   Thumb Code     0  startup_stm32f103xb.o(.text)
    USART3_IRQHandler                        0x0800024f   Thumb Code     0  startup_stm32f103xb.o(.text)
    USBWakeUp_IRQHandler                     0x0800024f   Thumb Code     0  startup_stm32f103xb.o(.text)
    USB_HP_CAN1_TX_IRQHandler                0x0800024f   Thumb Code     0  startup_stm32f103xb.o(.text)
    USB_LP_CAN1_RX0_IRQHandler               0x0800024f   Thumb Code     0  startup_stm32f103xb.o(.text)
    WWDG_IRQHandler                          0x0800024f   Thumb Code     0  startup_stm32f103xb.o(.text)
    __user_initial_stackheap                 0x08000251   Thumb Code     0  startup_stm32f103xb.o(.text)
    vsnprintf                                0x08000275   Thumb Code    48  vsnprintf.o(.text)
    __aeabi_memcpy4                          0x080002a9   Thumb Code     0  rt_memcpy_w.o(.text)
    __aeabi_memcpy8                          0x080002a9   Thumb Code     0  rt_memcpy_w.o(.text)
    __rt_memcpy_w                            0x080002a9   Thumb Code   100  rt_memcpy_w.o(.text)
    _memcpy_lastbytes_aligned                0x080002f1   Thumb Code     0  rt_memcpy_w.o(.text)
    __aeabi_memclr4                          0x0800030d   Thumb Code     0  rt_memclr_w.o(.text)
    __aeabi_memclr8                          0x0800030d   Thumb Code     0  rt_memclr_w.o(.text)
    __rt_memclr_w                            0x0800030d   Thumb Code    78  rt_memclr_w.o(.text)
    _memset_w                                0x08000311   Thumb Code     0  rt_memclr_w.o(.text)
    __use_two_region_memory                  0x0800035b   Thumb Code     2  heapauxi.o(.text)
    __rt_heap_escrow$2region                 0x0800035d   Thumb Code     2  heapauxi.o(.text)
    __rt_heap_expand$2region                 0x0800035f   Thumb Code     2  heapauxi.o(.text)
    _printf_pre_padding                      0x08000361   Thumb Code    44  _printf_pad.o(.text)
    _printf_post_padding                     0x0800038d   Thumb Code    34  _printf_pad.o(.text)
    _printf_truncate_signed                  0x080003af   Thumb Code    18  _printf_truncate.o(.text)
    _printf_truncate_unsigned                0x080003c1   Thumb Code    18  _printf_truncate.o(.text)
    _printf_str                              0x080003d3   Thumb Code    82  _printf_str.o(.text)
    _printf_int_dec                          0x08000425   Thumb Code   104  _printf_dec.o(.text)
    _printf_charcount                        0x0800049d   Thumb Code    40  _printf_charcount.o(.text)
    _printf_char_common                      0x080004cf   Thumb Code    32  _printf_char_common.o(.text)
    _sputc                                   0x080004f5   Thumb Code    10  _sputc.o(.text)
    _snputc                                  0x080004ff   Thumb Code    16  _snputc.o(.text)
    _printf_wctomb                           0x08000511   Thumb Code   182  _printf_wctomb.o(.text)
    _printf_longlong_dec                     0x080005cd   Thumb Code   108  _printf_longlong_dec.o(.text)
    _printf_longlong_oct                     0x08000649   Thumb Code    66  _printf_oct_int_ll.o(.text)
    _printf_int_oct                          0x0800068b   Thumb Code    24  _printf_oct_int_ll.o(.text)
    _printf_ll_oct                           0x080006a3   Thumb Code    12  _printf_oct_int_ll.o(.text)
    _printf_longlong_hex                     0x080006b9   Thumb Code    86  _printf_hex_int_ll_ptr.o(.text)
    _printf_int_hex                          0x0800070f   Thumb Code    28  _printf_hex_int_ll_ptr.o(.text)
    _printf_ll_hex                           0x0800072b   Thumb Code    12  _printf_hex_int_ll_ptr.o(.text)
    _printf_hex_ptr                          0x08000737   Thumb Code    18  _printf_hex_int_ll_ptr.o(.text)
    __printf                                 0x0800074d   Thumb Code   388  __printf_flags_ss_wp.o(.text)
    _ll_udiv10                               0x080008d5   Thumb Code   138  lludiv10.o(.text)
    _printf_int_common                       0x0800095f   Thumb Code   178  _printf_intcommon.o(.text)
    __lib_sel_fp_printf                      0x08000a11   Thumb Code     2  _printf_fp_dec.o(.text)
    _printf_fp_dec_real                      0x08000bc3   Thumb Code   620  _printf_fp_dec.o(.text)
    _printf_fp_hex_real                      0x08000e31   Thumb Code   756  _printf_fp_hex.o(.text)
    _printf_cs_common                        0x0800112d   Thumb Code    20  _printf_char.o(.text)
    _printf_char                             0x08001141   Thumb Code    16  _printf_char.o(.text)
    _printf_string                           0x08001151   Thumb Code     8  _printf_char.o(.text)
    _printf_lcs_common                       0x08001159   Thumb Code    20  _printf_wchar.o(.text)
    _printf_wchar                            0x0800116d   Thumb Code    16  _printf_wchar.o(.text)
    _printf_wstring                          0x0800117d   Thumb Code     8  _printf_wchar.o(.text)
    _wcrtomb                                 0x08001185   Thumb Code    64  _wcrtomb.o(.text)
    __user_setup_stackheap                   0x080011c5   Thumb Code    74  sys_stackheap_outer.o(.text)
    __rt_ctype_table                         0x08001211   Thumb Code    16  rt_ctype_table.o(.text)
    __rt_locale                              0x08001221   Thumb Code     8  rt_locale_intlibspace.o(.text)
    _printf_fp_infnan                        0x08001229   Thumb Code   112  _printf_fp_infnan.o(.text)
    _btod_etento                             0x080012a9   Thumb Code   224  bigflt0.o(.text)
    exit                                     0x0800138d   Thumb Code    18  exit.o(.text)
    __user_libspace                          0x080013a1   Thumb Code     8  libspace.o(.text)
    __user_perproc_libspace                  0x080013a1   Thumb Code     0  libspace.o(.text)
    __user_perthread_libspace                0x080013a1   Thumb Code     0  libspace.o(.text)
    strcmp                                   0x080013a9   Thumb Code   128  strcmpv7m.o(.text)
    _sys_exit                                0x08001429   Thumb Code     8  sys_exit.o(.text)
    __I$use$semihosting                      0x08001435   Thumb Code     0  use_no_semi.o(.text)
    __use_no_semihosting_swi                 0x08001435   Thumb Code     2  use_no_semi.o(.text)
    __semihosting_library_function           0x08001437   Thumb Code     0  indicate_semi.o(.text)
    _btod_d2e                                0x08001437   Thumb Code    62  btod.o(CL$$btod_d2e)
    _d2e_denorm_low                          0x08001475   Thumb Code    70  btod.o(CL$$btod_d2e_denorm_low)
    _d2e_norm_op1                            0x080014bb   Thumb Code    96  btod.o(CL$$btod_d2e_norm_op1)
    __btod_div_common                        0x0800151b   Thumb Code   696  btod.o(CL$$btod_div_common)
    _e2e                                     0x08001853   Thumb Code   220  btod.o(CL$$btod_e2e)
    _btod_ediv                               0x0800192f   Thumb Code    42  btod.o(CL$$btod_ediv)
    _btod_emul                               0x08001959   Thumb Code    42  btod.o(CL$$btod_emul)
    __btod_mult_common                       0x08001983   Thumb Code   580  btod.o(CL$$btod_mult_common)
    BusFault_Handler                         0x08001bc7   Thumb Code     2  stm32f1xx_it.o(i.BusFault_Handler)
    DebugMon_Handler                         0x08001bc9   Thumb Code     2  stm32f1xx_it.o(i.DebugMon_Handler)
    EXTI1_IRQHandler                         0x08001bcb   Thumb Code     6  stm32f1xx_it.o(i.EXTI1_IRQHandler)
    HAL_DMA_Abort                            0x08001bd1   Thumb Code    70  stm32f1xx_hal_dma.o(i.HAL_DMA_Abort)
    HAL_DMA_Abort_IT                         0x08001c19   Thumb Code   148  stm32f1xx_hal_dma.o(i.HAL_DMA_Abort_IT)
    HAL_GPIO_EXTI_Callback                   0x08001cb1   Thumb Code    84  main.o(i.HAL_GPIO_EXTI_Callback)
    HAL_GPIO_EXTI_IRQHandler                 0x08001d0d   Thumb Code    18  stm32f1xx_hal_gpio.o(i.HAL_GPIO_EXTI_IRQHandler)
    HAL_GPIO_Init                            0x08001d25   Thumb Code   446  stm32f1xx_hal_gpio.o(i.HAL_GPIO_Init)
    HAL_GPIO_WritePin                        0x08001f05   Thumb Code    10  stm32f1xx_hal_gpio.o(i.HAL_GPIO_WritePin)
    HAL_GetTick                              0x08001f11   Thumb Code     6  stm32f1xx_hal.o(i.HAL_GetTick)
    HAL_IncTick                              0x08001f1d   Thumb Code    12  stm32f1xx_hal.o(i.HAL_IncTick)
    HAL_Init                                 0x08001f2d   Thumb Code    32  stm32f1xx_hal.o(i.HAL_Init)
    HAL_InitTick                             0x08001f51   Thumb Code    54  stm32f1xx_hal.o(i.HAL_InitTick)
    HAL_MspInit                              0x08001f91   Thumb Code    58  stm32f1xx_hal_msp.o(i.HAL_MspInit)
    HAL_NVIC_DisableIRQ                      0x08001fd5   Thumb Code    34  stm32f1xx_hal_cortex.o(i.HAL_NVIC_DisableIRQ)
    HAL_NVIC_EnableIRQ                       0x08001ff7   Thumb Code    26  stm32f1xx_hal_cortex.o(i.HAL_NVIC_EnableIRQ)
    HAL_NVIC_SetPriority                     0x08002011   Thumb Code    60  stm32f1xx_hal_cortex.o(i.HAL_NVIC_SetPriority)
    HAL_NVIC_SetPriorityGrouping             0x08002051   Thumb Code    26  stm32f1xx_hal_cortex.o(i.HAL_NVIC_SetPriorityGrouping)
    HAL_RCC_ClockConfig                      0x08002075   Thumb Code   280  stm32f1xx_hal_rcc.o(i.HAL_RCC_ClockConfig)
    HAL_RCC_GetPCLK1Freq                     0x080021a1   Thumb Code    20  stm32f1xx_hal_rcc.o(i.HAL_RCC_GetPCLK1Freq)
    HAL_RCC_GetPCLK2Freq                     0x080021c1   Thumb Code    20  stm32f1xx_hal_rcc.o(i.HAL_RCC_GetPCLK2Freq)
    HAL_RCC_GetSysClockFreq                  0x080021e1   Thumb Code    58  stm32f1xx_hal_rcc.o(i.HAL_RCC_GetSysClockFreq)
    HAL_RCC_OscConfig                        0x0800222d   Thumb Code   778  stm32f1xx_hal_rcc.o(i.HAL_RCC_OscConfig)
    HAL_SYSTICK_Config                       0x0800254d   Thumb Code    40  stm32f1xx_hal_cortex.o(i.HAL_SYSTICK_Config)
    HAL_TIMEx_BreakCallback                  0x08002575   Thumb Code     2  stm32f1xx_hal_tim_ex.o(i.HAL_TIMEx_BreakCallback)
    HAL_TIMEx_CommutCallback                 0x08002577   Thumb Code     2  stm32f1xx_hal_tim_ex.o(i.HAL_TIMEx_CommutCallback)
    HAL_TIMEx_MasterConfigSynchronization    0x08002579   Thumb Code    92  stm32f1xx_hal_tim_ex.o(i.HAL_TIMEx_MasterConfigSynchronization)
    HAL_TIM_Base_Init                        0x080025e1   Thumb Code    90  stm32f1xx_hal_tim.o(i.HAL_TIM_Base_Init)
    HAL_TIM_Base_MspInit                     0x0800263d   Thumb Code    86  stm32f1xx_hal_msp.o(i.HAL_TIM_Base_MspInit)
    HAL_TIM_Base_Start_IT                    0x0800269d   Thumb Code    76  stm32f1xx_hal_tim.o(i.HAL_TIM_Base_Start_IT)
    HAL_TIM_ConfigClockSource                0x080026f5   Thumb Code   220  stm32f1xx_hal_tim.o(i.HAL_TIM_ConfigClockSource)
    HAL_TIM_IC_CaptureCallback               0x080027d1   Thumb Code     2  stm32f1xx_hal_tim.o(i.HAL_TIM_IC_CaptureCallback)
    HAL_TIM_IRQHandler                       0x080027d3   Thumb Code   358  stm32f1xx_hal_tim.o(i.HAL_TIM_IRQHandler)
    HAL_TIM_OC_DelayElapsedCallback          0x08002939   Thumb Code     2  stm32f1xx_hal_tim.o(i.HAL_TIM_OC_DelayElapsedCallback)
    HAL_TIM_PWM_PulseFinishedCallback        0x0800293b   Thumb Code     2  stm32f1xx_hal_tim.o(i.HAL_TIM_PWM_PulseFinishedCallback)
    HAL_TIM_PeriodElapsedCallback            0x0800293d   Thumb Code    42  main.o(i.HAL_TIM_PeriodElapsedCallback)
    HAL_TIM_TriggerCallback                  0x08002971   Thumb Code     2  stm32f1xx_hal_tim.o(i.HAL_TIM_TriggerCallback)
    HAL_UARTEx_RxEventCallback               0x08002973   Thumb Code     2  stm32f1xx_hal_uart.o(i.HAL_UARTEx_RxEventCallback)
    HAL_UART_ErrorCallback                   0x08002975   Thumb Code     2  stm32f1xx_hal_uart.o(i.HAL_UART_ErrorCallback)
    HAL_UART_IRQHandler                      0x08002979   Thumb Code   616  stm32f1xx_hal_uart.o(i.HAL_UART_IRQHandler)
    HAL_UART_Init                            0x08002be5   Thumb Code   100  stm32f1xx_hal_uart.o(i.HAL_UART_Init)
    HAL_UART_MspInit                         0x08002c49   Thumb Code   116  stm32f1xx_hal_msp.o(i.HAL_UART_MspInit)
    HAL_UART_RxCpltCallback                  0x08002cc9   Thumb Code     2  stm32f1xx_hal_uart.o(i.HAL_UART_RxCpltCallback)
    HAL_UART_Transmit                        0x08002ccb   Thumb Code   154  stm32f1xx_hal_uart.o(i.HAL_UART_Transmit)
    HAL_UART_TxCpltCallback                  0x08002d65   Thumb Code     2  stm32f1xx_hal_uart.o(i.HAL_UART_TxCpltCallback)
    HardFault_Handler                        0x08002d67   Thumb Code     2  stm32f1xx_it.o(i.HardFault_Handler)
    MY_LOG                                   0x08002f31   Thumb Code    56  main.o(i.MY_LOG)
    MemManage_Handler                        0x08002f69   Thumb Code     2  stm32f1xx_it.o(i.MemManage_Handler)
    NMI_Handler                              0x08002f6b   Thumb Code     2  stm32f1xx_it.o(i.NMI_Handler)
    PendSV_Handler                           0x08002f6d   Thumb Code     2  stm32f1xx_it.o(i.PendSV_Handler)
    SVC_Handler                              0x08002f6f   Thumb Code     2  stm32f1xx_it.o(i.SVC_Handler)
    Set_Led                                  0x08002f71   Thumb Code    86  main.o(i.Set_Led)
    SysTick_Handler                          0x08002fd1   Thumb Code     4  stm32f1xx_it.o(i.SysTick_Handler)
    SystemClock_Config                       0x08002fd5   Thumb Code    94  main.o(i.SystemClock_Config)
    SystemInit                               0x08003033   Thumb Code     2  system_stm32f1xx.o(i.SystemInit)
    TIM2_IRQHandler                          0x08003035   Thumb Code     6  stm32f1xx_it.o(i.TIM2_IRQHandler)
    TIM3_IRQHandler                          0x08003041   Thumb Code     6  stm32f1xx_it.o(i.TIM3_IRQHandler)
    TIM_Base_SetConfig                       0x0800304d   Thumb Code    94  stm32f1xx_hal_tim.o(i.TIM_Base_SetConfig)
    TIM_ETR_SetConfig                        0x080030b9   Thumb Code    20  stm32f1xx_hal_tim.o(i.TIM_ETR_SetConfig)
    USART1_IRQHandler                        0x08003375   Thumb Code     6  stm32f1xx_it.o(i.USART1_IRQHandler)
    UsageFault_Handler                       0x08003381   Thumb Code     2  stm32f1xx_it.o(i.UsageFault_Handler)
    __ARM_fpclassify                         0x08003383   Thumb Code    40  fpclassify.o(i.__ARM_fpclassify)
    _is_digit                                0x080033cb   Thumb Code    14  __printf_wp.o(i._is_digit)
    get_iravg                                0x080033d9   Thumb Code    42  main.o(i.get_iravg)
    get_radavg                               0x08003409   Thumb Code    42  main.o(i.get_radavg)
    main                                     0x08003439   Thumb Code   240  main.o(i.main)
    _get_lc_numeric                          0x08003541   Thumb Code    44  lc_numeric_c.o(locale$$code)
    _get_lc_ctype                            0x0800356d   Thumb Code    44  lc_ctype_c.o(locale$$code)
    _printf_fp_dec                           0x08003599   Thumb Code     4  printf1.o(x$fpl$printf1)
    _printf_fp_hex                           0x0800359d   Thumb Code     4  printf2.o(x$fpl$printf2)
    __I$use$fp                               0x080035a0   Number         0  usenofp.o(x$fpl$usenofp)
    AHBPrescTable                            0x080035b2   Data          16  system_stm32f1xx.o(.constdata)
    APBPrescTable                            0x080035c2   Data           8  system_stm32f1xx.o(.constdata)
    Region$$Table$$Base                      0x080036c8   Number         0  anon$$obj.o(Region$$Table)
    Region$$Table$$Limit                     0x080036e8   Number         0  anon$$obj.o(Region$$Table)
    __ctype                                  0x08003711   Data           0  lc_ctype_c.o(locale$$data)
    READ_N                                   0x20000000   Data           1  main.o(.data)
    IRD_N                                    0x20000001   Data           1  main.o(.data)
    stus                                     0x20000002   Data           1  main.o(.data)
    u1tx                                     0x20000003   Data           1  main.o(.data)
    radtime                                  0x20000004   Data           4  main.o(.data)
    irdtime                                  0x20000008   Data           4  main.o(.data)
    Bradtime                                 0x2000000c   Data           4  main.o(.data)
    Birdtime                                 0x20000010   Data           4  main.o(.data)
    uwTickFreq                               0x20000014   Data           1  stm32f1xx_hal.o(.data)
    uwTickPrio                               0x20000018   Data           4  stm32f1xx_hal.o(.data)
    uwTick                                   0x2000001c   Data           4  stm32f1xx_hal.o(.data)
    SystemCoreClock                          0x20000020   Data           4  system_stm32f1xx.o(.data)
    radata                                   0x20000024   Data          40  main.o(.bss)
    htim2                                    0x2000004c   Data          72  main.o(.bss)
    htim3                                    0x20000094   Data          72  main.o(.bss)
    huart1                                   0x200000dc   Data          72  main.o(.bss)
    __libspace_start                         0x20000124   Data          96  libspace.o(.bss)
    __temporary_stack_top$libspace           0x20000184   Data           0  libspace.o(.bss)



==============================================================================

Memory Map of the image

  Image Entry point : 0x080000ed

  Load Region LR_IROM1 (Base: 0x08000000, Size: 0x00003838, Max: 0x00010000, ABSOLUTE)

    Execution Region ER_IROM1 (Exec base: 0x08000000, Load base: 0x08000000, Size: 0x00003814, Max: 0x00010000, ABSOLUTE)

    Exec Addr    Load Addr    Size         Type   Attr      Idx    E Section Name        Object

    0x08000000   0x08000000   0x000000ec   Data   RO            3    RESET               startup_stm32f103xb.o
    0x080000ec   0x080000ec   0x00000008   Code   RO         2750  * !!!main             c_w.l(__main.o)
    0x080000f4   0x080000f4   0x00000034   Code   RO         3075    !!!scatter          c_w.l(__scatter.o)
    0x08000128   0x08000128   0x0000001a   Code   RO         3077    !!handler_copy      c_w.l(__scatter_copy.o)
    0x08000142   0x08000142   0x00000002   PAD
    0x08000144   0x08000144   0x0000001c   Code   RO         3079    !!handler_zi        c_w.l(__scatter_zi.o)
    0x08000160   0x08000160   0x00000000   Code   RO         2836    .ARM.Collect$$_printf_percent$$00000000  c_w.l(_printf_percent.o)
    0x08000160   0x08000160   0x00000006   Code   RO         2825    .ARM.Collect$$_printf_percent$$00000001  c_w.l(_printf_n.o)
    0x08000166   0x08000166   0x00000006   Code   RO         2827    .ARM.Collect$$_printf_percent$$00000002  c_w.l(_printf_p.o)
    0x0800016c   0x0800016c   0x00000006   Code   RO         2832    .ARM.Collect$$_printf_percent$$00000003  c_w.l(_printf_f.o)
    0x08000172   0x08000172   0x00000006   Code   RO         2833    .ARM.Collect$$_printf_percent$$00000004  c_w.l(_printf_e.o)
    0x08000178   0x08000178   0x00000006   Code   RO         2834    .ARM.Collect$$_printf_percent$$00000005  c_w.l(_printf_g.o)
    0x0800017e   0x0800017e   0x00000006   Code   RO         2835    .ARM.Collect$$_printf_percent$$00000006  c_w.l(_printf_a.o)
    0x08000184   0x08000184   0x0000000a   Code   RO         2840    .ARM.Collect$$_printf_percent$$00000007  c_w.l(_printf_ll.o)
    0x0800018e   0x0800018e   0x00000006   Code   RO         2829    .ARM.Collect$$_printf_percent$$00000008  c_w.l(_printf_i.o)
    0x08000194   0x08000194   0x00000006   Code   RO         2830    .ARM.Collect$$_printf_percent$$00000009  c_w.l(_printf_d.o)
    0x0800019a   0x0800019a   0x00000006   Code   RO         2831    .ARM.Collect$$_printf_percent$$0000000A  c_w.l(_printf_u.o)
    0x080001a0   0x080001a0   0x00000006   Code   RO         2828    .ARM.Collect$$_printf_percent$$0000000B  c_w.l(_printf_o.o)
    0x080001a6   0x080001a6   0x00000006   Code   RO         2826    .ARM.Collect$$_printf_percent$$0000000C  c_w.l(_printf_x.o)
    0x080001ac   0x080001ac   0x00000006   Code   RO         2837    .ARM.Collect$$_printf_percent$$0000000D  c_w.l(_printf_lli.o)
    0x080001b2   0x080001b2   0x00000006   Code   RO         2838    .ARM.Collect$$_printf_percent$$0000000E  c_w.l(_printf_lld.o)
    0x080001b8   0x080001b8   0x00000006   Code   RO         2839    .ARM.Collect$$_printf_percent$$0000000F  c_w.l(_printf_llu.o)
    0x080001be   0x080001be   0x00000006   Code   RO         2844    .ARM.Collect$$_printf_percent$$00000010  c_w.l(_printf_llo.o)
    0x080001c4   0x080001c4   0x00000006   Code   RO         2845    .ARM.Collect$$_printf_percent$$00000011  c_w.l(_printf_llx.o)
    0x080001ca   0x080001ca   0x0000000a   Code   RO         2841    .ARM.Collect$$_printf_percent$$00000012  c_w.l(_printf_l.o)
    0x080001d4   0x080001d4   0x00000006   Code   RO         2823    .ARM.Collect$$_printf_percent$$00000013  c_w.l(_printf_c.o)
    0x080001da   0x080001da   0x00000006   Code   RO         2824    .ARM.Collect$$_printf_percent$$00000014  c_w.l(_printf_s.o)
    0x080001e0   0x080001e0   0x00000006   Code   RO         2842    .ARM.Collect$$_printf_percent$$00000015  c_w.l(_printf_lc.o)
    0x080001e6   0x080001e6   0x00000006   Code   RO         2843    .ARM.Collect$$_printf_percent$$00000016  c_w.l(_printf_ls.o)
    0x080001ec   0x080001ec   0x00000004   Code   RO         2884    .ARM.Collect$$_printf_percent$$00000017  c_w.l(_printf_percent_end.o)
    0x080001f0   0x080001f0   0x00000002   Code   RO         2933    .ARM.Collect$$libinit$$00000000  c_w.l(libinit.o)
    0x080001f2   0x080001f2   0x00000000   Code   RO         2950    .ARM.Collect$$libinit$$00000002  c_w.l(libinit2.o)
    0x080001f2   0x080001f2   0x00000000   Code   RO         2952    .ARM.Collect$$libinit$$00000004  c_w.l(libinit2.o)
    0x080001f2   0x080001f2   0x00000000   Code   RO         2955    .ARM.Collect$$libinit$$0000000A  c_w.l(libinit2.o)
    0x080001f2   0x080001f2   0x00000000   Code   RO         2957    .ARM.Collect$$libinit$$0000000C  c_w.l(libinit2.o)
    0x080001f2   0x080001f2   0x00000000   Code   RO         2959    .ARM.Collect$$libinit$$0000000E  c_w.l(libinit2.o)
    0x080001f2   0x080001f2   0x00000006   Code   RO         2960    .ARM.Collect$$libinit$$0000000F  c_w.l(libinit2.o)
    0x080001f8   0x080001f8   0x00000000   Code   RO         2962    .ARM.Collect$$libinit$$00000011  c_w.l(libinit2.o)
    0x080001f8   0x080001f8   0x0000000c   Code   RO         2963    .ARM.Collect$$libinit$$00000012  c_w.l(libinit2.o)
    0x08000204   0x08000204   0x00000000   Code   RO         2964    .ARM.Collect$$libinit$$00000013  c_w.l(libinit2.o)
    0x08000204   0x08000204   0x00000000   Code   RO         2966    .ARM.Collect$$libinit$$00000015  c_w.l(libinit2.o)
    0x08000204   0x08000204   0x0000000a   Code   RO         2967    .ARM.Collect$$libinit$$00000016  c_w.l(libinit2.o)
    0x0800020e   0x0800020e   0x00000000   Code   RO         2968    .ARM.Collect$$libinit$$00000017  c_w.l(libinit2.o)
    0x0800020e   0x0800020e   0x00000000   Code   RO         2970    .ARM.Collect$$libinit$$00000019  c_w.l(libinit2.o)
    0x0800020e   0x0800020e   0x00000000   Code   RO         2972    .ARM.Collect$$libinit$$0000001B  c_w.l(libinit2.o)
    0x0800020e   0x0800020e   0x00000000   Code   RO         2974    .ARM.Collect$$libinit$$0000001D  c_w.l(libinit2.o)
    0x0800020e   0x0800020e   0x00000000   Code   RO         2976    .ARM.Collect$$libinit$$0000001F  c_w.l(libinit2.o)
    0x0800020e   0x0800020e   0x00000000   Code   RO         2978    .ARM.Collect$$libinit$$00000021  c_w.l(libinit2.o)
    0x0800020e   0x0800020e   0x00000000   Code   RO         2980    .ARM.Collect$$libinit$$00000023  c_w.l(libinit2.o)
    0x0800020e   0x0800020e   0x00000000   Code   RO         2982    .ARM.Collect$$libinit$$00000025  c_w.l(libinit2.o)
    0x0800020e   0x0800020e   0x00000000   Code   RO         2986    .ARM.Collect$$libinit$$0000002C  c_w.l(libinit2.o)
    0x0800020e   0x0800020e   0x00000000   Code   RO         2988    .ARM.Collect$$libinit$$0000002E  c_w.l(libinit2.o)
    0x0800020e   0x0800020e   0x00000000   Code   RO         2990    .ARM.Collect$$libinit$$00000030  c_w.l(libinit2.o)
    0x0800020e   0x0800020e   0x00000000   Code   RO         2992    .ARM.Collect$$libinit$$00000032  c_w.l(libinit2.o)
    0x0800020e   0x0800020e   0x00000002   Code   RO         2993    .ARM.Collect$$libinit$$00000033  c_w.l(libinit2.o)
    0x08000210   0x08000210   0x00000002   Code   RO         3013    .ARM.Collect$$libshutdown$$00000000  c_w.l(libshutdown.o)
    0x08000212   0x08000212   0x00000000   Code   RO         3026    .ARM.Collect$$libshutdown$$00000002  c_w.l(libshutdown2.o)
    0x08000212   0x08000212   0x00000000   Code   RO         3028    .ARM.Collect$$libshutdown$$00000004  c_w.l(libshutdown2.o)
    0x08000212   0x08000212   0x00000000   Code   RO         3030    .ARM.Collect$$libshutdown$$00000006  c_w.l(libshutdown2.o)
    0x08000212   0x08000212   0x00000000   Code   RO         3033    .ARM.Collect$$libshutdown$$00000009  c_w.l(libshutdown2.o)
    0x08000212   0x08000212   0x00000000   Code   RO         3036    .ARM.Collect$$libshutdown$$0000000C  c_w.l(libshutdown2.o)
    0x08000212   0x08000212   0x00000000   Code   RO         3038    .ARM.Collect$$libshutdown$$0000000E  c_w.l(libshutdown2.o)
    0x08000212   0x08000212   0x00000000   Code   RO         3041    .ARM.Collect$$libshutdown$$00000011  c_w.l(libshutdown2.o)
    0x08000212   0x08000212   0x00000002   Code   RO         3042    .ARM.Collect$$libshutdown$$00000012  c_w.l(libshutdown2.o)
    0x08000214   0x08000214   0x00000000   Code   RO         2752    .ARM.Collect$$rtentry$$00000000  c_w.l(__rtentry.o)
    0x08000214   0x08000214   0x00000000   Code   RO         2855    .ARM.Collect$$rtentry$$00000002  c_w.l(__rtentry2.o)
    0x08000214   0x08000214   0x00000006   Code   RO         2867    .ARM.Collect$$rtentry$$00000004  c_w.l(__rtentry4.o)
    0x0800021a   0x0800021a   0x00000000   Code   RO         2857    .ARM.Collect$$rtentry$$00000009  c_w.l(__rtentry2.o)
    0x0800021a   0x0800021a   0x00000004   Code   RO         2858    .ARM.Collect$$rtentry$$0000000A  c_w.l(__rtentry2.o)
    0x0800021e   0x0800021e   0x00000000   Code   RO         2860    .ARM.Collect$$rtentry$$0000000C  c_w.l(__rtentry2.o)
    0x0800021e   0x0800021e   0x00000008   Code   RO         2861    .ARM.Collect$$rtentry$$0000000D  c_w.l(__rtentry2.o)
    0x08000226   0x08000226   0x00000002   Code   RO         2942    .ARM.Collect$$rtexit$$00000000  c_w.l(rtexit.o)
    0x08000228   0x08000228   0x00000000   Code   RO         2995    .ARM.Collect$$rtexit$$00000002  c_w.l(rtexit2.o)
    0x08000228   0x08000228   0x00000004   Code   RO         2996    .ARM.Collect$$rtexit$$00000003  c_w.l(rtexit2.o)
    0x0800022c   0x0800022c   0x00000006   Code   RO         2997    .ARM.Collect$$rtexit$$00000004  c_w.l(rtexit2.o)
    0x08000232   0x08000232   0x00000002   PAD
    0x08000234   0x08000234   0x00000040   Code   RO            4    .text               startup_stm32f103xb.o
    0x08000274   0x08000274   0x00000034   Code   RO         2742    .text               c_w.l(vsnprintf.o)
    0x080002a8   0x080002a8   0x00000064   Code   RO         2744    .text               c_w.l(rt_memcpy_w.o)
    0x0800030c   0x0800030c   0x0000004e   Code   RO         2746    .text               c_w.l(rt_memclr_w.o)
    0x0800035a   0x0800035a   0x00000006   Code   RO         2748    .text               c_w.l(heapauxi.o)
    0x08000360   0x08000360   0x0000004e   Code   RO         2755    .text               c_w.l(_printf_pad.o)
    0x080003ae   0x080003ae   0x00000024   Code   RO         2757    .text               c_w.l(_printf_truncate.o)
    0x080003d2   0x080003d2   0x00000052   Code   RO         2759    .text               c_w.l(_printf_str.o)
    0x08000424   0x08000424   0x00000078   Code   RO         2761    .text               c_w.l(_printf_dec.o)
    0x0800049c   0x0800049c   0x00000028   Code   RO         2763    .text               c_w.l(_printf_charcount.o)
    0x080004c4   0x080004c4   0x00000030   Code   RO         2765    .text               c_w.l(_printf_char_common.o)
    0x080004f4   0x080004f4   0x0000000a   Code   RO         2767    .text               c_w.l(_sputc.o)
    0x080004fe   0x080004fe   0x00000010   Code   RO         2769    .text               c_w.l(_snputc.o)
    0x0800050e   0x0800050e   0x00000002   PAD
    0x08000510   0x08000510   0x000000bc   Code   RO         2771    .text               c_w.l(_printf_wctomb.o)
    0x080005cc   0x080005cc   0x0000007c   Code   RO         2774    .text               c_w.l(_printf_longlong_dec.o)
    0x08000648   0x08000648   0x00000070   Code   RO         2780    .text               c_w.l(_printf_oct_int_ll.o)
    0x080006b8   0x080006b8   0x00000094   Code   RO         2800    .text               c_w.l(_printf_hex_int_ll_ptr.o)
    0x0800074c   0x0800074c   0x00000188   Code   RO         2820    .text               c_w.l(__printf_flags_ss_wp.o)
    0x080008d4   0x080008d4   0x0000008a   Code   RO         2869    .text               c_w.l(lludiv10.o)
    0x0800095e   0x0800095e   0x000000b2   Code   RO         2871    .text               c_w.l(_printf_intcommon.o)
    0x08000a10   0x08000a10   0x0000041e   Code   RO         2873    .text               c_w.l(_printf_fp_dec.o)
    0x08000e2e   0x08000e2e   0x00000002   PAD
    0x08000e30   0x08000e30   0x000002fc   Code   RO         2875    .text               c_w.l(_printf_fp_hex.o)
    0x0800112c   0x0800112c   0x0000002c   Code   RO         2880    .text               c_w.l(_printf_char.o)
    0x08001158   0x08001158   0x0000002c   Code   RO         2882    .text               c_w.l(_printf_wchar.o)
    0x08001184   0x08001184   0x00000040   Code   RO         2885    .text               c_w.l(_wcrtomb.o)
    0x080011c4   0x080011c4   0x0000004a   Code   RO         2887    .text               c_w.l(sys_stackheap_outer.o)
    0x0800120e   0x0800120e   0x00000002   PAD
    0x08001210   0x08001210   0x00000010   Code   RO         2889    .text               c_w.l(rt_ctype_table.o)
    0x08001220   0x08001220   0x00000008   Code   RO         2894    .text               c_w.l(rt_locale_intlibspace.o)
    0x08001228   0x08001228   0x00000080   Code   RO         2896    .text               c_w.l(_printf_fp_infnan.o)
    0x080012a8   0x080012a8   0x000000e4   Code   RO         2898    .text               c_w.l(bigflt0.o)
    0x0800138c   0x0800138c   0x00000012   Code   RO         2926    .text               c_w.l(exit.o)
    0x0800139e   0x0800139e   0x00000002   PAD
    0x080013a0   0x080013a0   0x00000008   Code   RO         2939    .text               c_w.l(libspace.o)
    0x080013a8   0x080013a8   0x00000080   Code   RO         2947    .text               c_w.l(strcmpv7m.o)
    0x08001428   0x08001428   0x0000000c   Code   RO         3005    .text               c_w.l(sys_exit.o)
    0x08001434   0x08001434   0x00000002   Code   RO         3016    .text               c_w.l(use_no_semi.o)
    0x08001436   0x08001436   0x00000000   Code   RO         3018    .text               c_w.l(indicate_semi.o)
    0x08001436   0x08001436   0x0000003e   Code   RO         2901    CL$$btod_d2e        c_w.l(btod.o)
    0x08001474   0x08001474   0x00000046   Code   RO         2903    CL$$btod_d2e_denorm_low  c_w.l(btod.o)
    0x080014ba   0x080014ba   0x00000060   Code   RO         2902    CL$$btod_d2e_norm_op1  c_w.l(btod.o)
    0x0800151a   0x0800151a   0x00000338   Code   RO         2911    CL$$btod_div_common  c_w.l(btod.o)
    0x08001852   0x08001852   0x000000dc   Code   RO         2908    CL$$btod_e2e        c_w.l(btod.o)
    0x0800192e   0x0800192e   0x0000002a   Code   RO         2905    CL$$btod_ediv       c_w.l(btod.o)
    0x08001958   0x08001958   0x0000002a   Code   RO         2904    CL$$btod_emul       c_w.l(btod.o)
    0x08001982   0x08001982   0x00000244   Code   RO         2910    CL$$btod_mult_common  c_w.l(btod.o)
    0x08001bc6   0x08001bc6   0x00000002   Code   RO          202    i.BusFault_Handler  stm32f1xx_it.o
    0x08001bc8   0x08001bc8   0x00000002   Code   RO          203    i.DebugMon_Handler  stm32f1xx_it.o
    0x08001bca   0x08001bca   0x00000006   Code   RO          204    i.EXTI1_IRQHandler  stm32f1xx_it.o
    0x08001bd0   0x08001bd0   0x00000046   Code   RO         1744    i.HAL_DMA_Abort     stm32f1xx_hal_dma.o
    0x08001c16   0x08001c16   0x00000002   PAD
    0x08001c18   0x08001c18   0x00000098   Code   RO         1745    i.HAL_DMA_Abort_IT  stm32f1xx_hal_dma.o
    0x08001cb0   0x08001cb0   0x0000005c   Code   RO           14    i.HAL_GPIO_EXTI_Callback  main.o
    0x08001d0c   0x08001d0c   0x00000018   Code   RO         1679    i.HAL_GPIO_EXTI_IRQHandler  stm32f1xx_hal_gpio.o
    0x08001d24   0x08001d24   0x000001e0   Code   RO         1680    i.HAL_GPIO_Init     stm32f1xx_hal_gpio.o
    0x08001f04   0x08001f04   0x0000000a   Code   RO         1684    i.HAL_GPIO_WritePin  stm32f1xx_hal_gpio.o
    0x08001f0e   0x08001f0e   0x00000002   PAD
    0x08001f10   0x08001f10   0x0000000c   Code   RO         1374    i.HAL_GetTick       stm32f1xx_hal.o
    0x08001f1c   0x08001f1c   0x00000010   Code   RO         1380    i.HAL_IncTick       stm32f1xx_hal.o
    0x08001f2c   0x08001f2c   0x00000024   Code   RO         1381    i.HAL_Init          stm32f1xx_hal.o
    0x08001f50   0x08001f50   0x00000040   Code   RO         1382    i.HAL_InitTick      stm32f1xx_hal.o
    0x08001f90   0x08001f90   0x00000044   Code   RO          306    i.HAL_MspInit       stm32f1xx_hal_msp.o
    0x08001fd4   0x08001fd4   0x00000022   Code   RO         1839    i.HAL_NVIC_DisableIRQ  stm32f1xx_hal_cortex.o
    0x08001ff6   0x08001ff6   0x0000001a   Code   RO         1840    i.HAL_NVIC_EnableIRQ  stm32f1xx_hal_cortex.o
    0x08002010   0x08002010   0x00000040   Code   RO         1846    i.HAL_NVIC_SetPriority  stm32f1xx_hal_cortex.o
    0x08002050   0x08002050   0x00000024   Code   RO         1847    i.HAL_NVIC_SetPriorityGrouping  stm32f1xx_hal_cortex.o
    0x08002074   0x08002074   0x0000012c   Code   RO         1538    i.HAL_RCC_ClockConfig  stm32f1xx_hal_rcc.o
    0x080021a0   0x080021a0   0x00000020   Code   RO         1545    i.HAL_RCC_GetPCLK1Freq  stm32f1xx_hal_rcc.o
    0x080021c0   0x080021c0   0x00000020   Code   RO         1546    i.HAL_RCC_GetPCLK2Freq  stm32f1xx_hal_rcc.o
    0x080021e0   0x080021e0   0x0000004c   Code   RO         1547    i.HAL_RCC_GetSysClockFreq  stm32f1xx_hal_rcc.o
    0x0800222c   0x0800222c   0x00000320   Code   RO         1550    i.HAL_RCC_OscConfig  stm32f1xx_hal_rcc.o
    0x0800254c   0x0800254c   0x00000028   Code   RO         1851    i.HAL_SYSTICK_Config  stm32f1xx_hal_cortex.o
    0x08002574   0x08002574   0x00000002   Code   RO         1096    i.HAL_TIMEx_BreakCallback  stm32f1xx_hal_tim_ex.o
    0x08002576   0x08002576   0x00000002   Code   RO         1097    i.HAL_TIMEx_CommutCallback  stm32f1xx_hal_tim_ex.o
    0x08002578   0x08002578   0x00000068   Code   RO         1115    i.HAL_TIMEx_MasterConfigSynchronization  stm32f1xx_hal_tim_ex.o
    0x080025e0   0x080025e0   0x0000005a   Code   RO          392    i.HAL_TIM_Base_Init  stm32f1xx_hal_tim.o
    0x0800263a   0x0800263a   0x00000002   PAD
    0x0800263c   0x0800263c   0x00000060   Code   RO          308    i.HAL_TIM_Base_MspInit  stm32f1xx_hal_msp.o
    0x0800269c   0x0800269c   0x00000058   Code   RO          397    i.HAL_TIM_Base_Start_IT  stm32f1xx_hal_tim.o
    0x080026f4   0x080026f4   0x000000dc   Code   RO          401    i.HAL_TIM_ConfigClockSource  stm32f1xx_hal_tim.o
    0x080027d0   0x080027d0   0x00000002   Code   RO          426    i.HAL_TIM_IC_CaptureCallback  stm32f1xx_hal_tim.o
    0x080027d2   0x080027d2   0x00000166   Code   RO          440    i.HAL_TIM_IRQHandler  stm32f1xx_hal_tim.o
    0x08002938   0x08002938   0x00000002   Code   RO          443    i.HAL_TIM_OC_DelayElapsedCallback  stm32f1xx_hal_tim.o
    0x0800293a   0x0800293a   0x00000002   Code   RO          470    i.HAL_TIM_PWM_PulseFinishedCallback  stm32f1xx_hal_tim.o
    0x0800293c   0x0800293c   0x00000034   Code   RO           15    i.HAL_TIM_PeriodElapsedCallback  main.o
    0x08002970   0x08002970   0x00000002   Code   RO          483    i.HAL_TIM_TriggerCallback  stm32f1xx_hal_tim.o
    0x08002972   0x08002972   0x00000002   Code   RO         2352    i.HAL_UARTEx_RxEventCallback  stm32f1xx_hal_uart.o
    0x08002974   0x08002974   0x00000002   Code   RO         2366    i.HAL_UART_ErrorCallback  stm32f1xx_hal_uart.o
    0x08002976   0x08002976   0x00000002   PAD
    0x08002978   0x08002978   0x0000026c   Code   RO         2369    i.HAL_UART_IRQHandler  stm32f1xx_hal_uart.o
    0x08002be4   0x08002be4   0x00000064   Code   RO         2370    i.HAL_UART_Init     stm32f1xx_hal_uart.o
    0x08002c48   0x08002c48   0x00000080   Code   RO          310    i.HAL_UART_MspInit  stm32f1xx_hal_msp.o
    0x08002cc8   0x08002cc8   0x00000002   Code   RO         2376    i.HAL_UART_RxCpltCallback  stm32f1xx_hal_uart.o
    0x08002cca   0x08002cca   0x0000009a   Code   RO         2378    i.HAL_UART_Transmit  stm32f1xx_hal_uart.o
    0x08002d64   0x08002d64   0x00000002   Code   RO         2381    i.HAL_UART_TxCpltCallback  stm32f1xx_hal_uart.o
    0x08002d66   0x08002d66   0x00000002   Code   RO          205    i.HardFault_Handler  stm32f1xx_it.o
    0x08002d68   0x08002d68   0x000000f8   Code   RO           16    i.MX_GPIO_Init      main.o
    0x08002e60   0x08002e60   0x00000068   Code   RO           17    i.MX_TIM2_Init      main.o
    0x08002ec8   0x08002ec8   0x00000068   Code   RO           18    i.MX_TIM3_Init      main.o
    0x08002f30   0x08002f30   0x00000038   Code   RO           19    i.MY_LOG            main.o
    0x08002f68   0x08002f68   0x00000002   Code   RO          206    i.MemManage_Handler  stm32f1xx_it.o
    0x08002f6a   0x08002f6a   0x00000002   Code   RO          207    i.NMI_Handler       stm32f1xx_it.o
    0x08002f6c   0x08002f6c   0x00000002   Code   RO          208    i.PendSV_Handler    stm32f1xx_it.o
    0x08002f6e   0x08002f6e   0x00000002   Code   RO          209    i.SVC_Handler       stm32f1xx_it.o
    0x08002f70   0x08002f70   0x00000060   Code   RO           20    i.Set_Led           main.o
    0x08002fd0   0x08002fd0   0x00000004   Code   RO          210    i.SysTick_Handler   stm32f1xx_it.o
    0x08002fd4   0x08002fd4   0x0000005e   Code   RO           21    i.SystemClock_Config  main.o
    0x08003032   0x08003032   0x00000002   Code   RO         2704    i.SystemInit        system_stm32f1xx.o
    0x08003034   0x08003034   0x0000000c   Code   RO          211    i.TIM2_IRQHandler   stm32f1xx_it.o
    0x08003040   0x08003040   0x0000000c   Code   RO          212    i.TIM3_IRQHandler   stm32f1xx_it.o
    0x0800304c   0x0800304c   0x0000006c   Code   RO          485    i.TIM_Base_SetConfig  stm32f1xx_hal_tim.o
    0x080030b8   0x080030b8   0x00000014   Code   RO          496    i.TIM_ETR_SetConfig  stm32f1xx_hal_tim.o
    0x080030cc   0x080030cc   0x00000010   Code   RO          497    i.TIM_ITRx_SetConfig  stm32f1xx_hal_tim.o
    0x080030dc   0x080030dc   0x00000022   Code   RO          503    i.TIM_TI1_ConfigInputStage  stm32f1xx_hal_tim.o
    0x080030fe   0x080030fe   0x00000024   Code   RO          505    i.TIM_TI2_ConfigInputStage  stm32f1xx_hal_tim.o
    0x08003122   0x08003122   0x00000010   Code   RO         2383    i.UART_DMAAbortOnError  stm32f1xx_hal_uart.o
    0x08003132   0x08003132   0x0000004e   Code   RO         2393    i.UART_EndRxTransfer  stm32f1xx_hal_uart.o
    0x08003180   0x08003180   0x000000c2   Code   RO         2395    i.UART_Receive_IT   stm32f1xx_hal_uart.o
    0x08003242   0x08003242   0x00000002   PAD
    0x08003244   0x08003244   0x000000b8   Code   RO         2396    i.UART_SetConfig    stm32f1xx_hal_uart.o
    0x080032fc   0x080032fc   0x00000078   Code   RO         2399    i.UART_WaitOnFlagUntilTimeout  stm32f1xx_hal_uart.o
    0x08003374   0x08003374   0x0000000c   Code   RO          213    i.USART1_IRQHandler  stm32f1xx_it.o
    0x08003380   0x08003380   0x00000002   Code   RO          214    i.UsageFault_Handler  stm32f1xx_it.o
    0x08003382   0x08003382   0x00000028   Code   RO         2937    i.__ARM_fpclassify  m_ws.l(fpclassify.o)
    0x080033aa   0x080033aa   0x00000020   Code   RO         1853    i.__NVIC_SetPriority  stm32f1xx_hal_cortex.o
    0x080033ca   0x080033ca   0x0000000e   Code   RO         2813    i._is_digit         c_w.l(__printf_wp.o)
    0x080033d8   0x080033d8   0x00000030   Code   RO           22    i.get_iravg         main.o
    0x08003408   0x08003408   0x00000030   Code   RO           23    i.get_radavg        main.o
    0x08003438   0x08003438   0x00000108   Code   RO           24    i.main              main.o
    0x08003540   0x08003540   0x0000002c   Code   RO         2924    locale$$code        c_w.l(lc_numeric_c.o)
    0x0800356c   0x0800356c   0x0000002c   Code   RO         2945    locale$$code        c_w.l(lc_ctype_c.o)
    0x08003598   0x08003598   0x00000004   Code   RO         2846    x$fpl$printf1       fz_ws.l(printf1.o)
    0x0800359c   0x0800359c   0x00000004   Code   RO         2848    x$fpl$printf2       fz_ws.l(printf2.o)
    0x080035a0   0x080035a0   0x00000000   Code   RO         2936    x$fpl$usenofp       fz_ws.l(usenofp.o)
    0x080035a0   0x080035a0   0x00000012   Data   RO         1551    .constdata          stm32f1xx_hal_rcc.o
    0x080035b2   0x080035b2   0x00000010   Data   RO         2705    .constdata          system_stm32f1xx.o
    0x080035c2   0x080035c2   0x00000008   Data   RO         2706    .constdata          system_stm32f1xx.o
    0x080035ca   0x080035ca   0x00000002   PAD
    0x080035cc   0x080035cc   0x00000008   Data   RO         2772    .constdata          c_w.l(_printf_wctomb.o)
    0x080035d4   0x080035d4   0x00000028   Data   RO         2801    .constdata          c_w.l(_printf_hex_int_ll_ptr.o)
    0x080035fc   0x080035fc   0x00000011   Data   RO         2821    .constdata          c_w.l(__printf_flags_ss_wp.o)
    0x0800360d   0x0800360d   0x00000026   Data   RO         2876    .constdata          c_w.l(_printf_fp_hex.o)
    0x08003633   0x08003633   0x00000001   PAD
    0x08003634   0x08003634   0x00000094   Data   RO         2899    .constdata          c_w.l(bigflt0.o)
    0x080036c8   0x080036c8   0x00000020   Data   RO         3073    Region$$Table       anon$$obj.o
    0x080036e8   0x080036e8   0x0000001c   Data   RO         2923    locale$$data        c_w.l(lc_numeric_c.o)
    0x08003704   0x08003704   0x00000110   Data   RO         2944    locale$$data        c_w.l(lc_ctype_c.o)


    Execution Region RW_IRAM1 (Exec base: 0x20000000, Load base: 0x08003814, Size: 0x00000788, Max: 0x00005000, ABSOLUTE)

    Exec Addr    Load Addr    Size         Type   Attr      Idx    E Section Name        Object

    0x20000000   0x08003814   0x00000014   Data   RW           26    .data               main.o
    0x20000014   0x08003828   0x0000000c   Data   RW         1388    .data               stm32f1xx_hal.o
    0x20000020   0x08003834   0x00000004   Data   RW         2707    .data               system_stm32f1xx.o
    0x20000024        -       0x00000100   Zero   RW           25    .bss                main.o
    0x20000124        -       0x00000060   Zero   RW         2940    .bss                c_w.l(libspace.o)
    0x20000184   0x08003838   0x00000004   PAD
    0x20000188        -       0x00000200   Zero   RW            2    HEAP                startup_stm32f103xb.o
    0x20000388        -       0x00000400   Zero   RW            1    STACK               startup_stm32f103xb.o


==============================================================================

Image component sizes


      Code (inc. data)   RO Data    RW Data    ZI Data      Debug   Object Name

      1206        100          0         20        256     433210   main.o
        64         26        236          0       1536        780   startup_stm32f103xb.o
       128         24          0         12          0       5089   stm32f1xx_hal.o
       232         14          0          0          0      29393   stm32f1xx_hal_cortex.o
       222          4          0          0          0       1679   stm32f1xx_hal_dma.o
       514         40          0          0          0       3359   stm32f1xx_hal_gpio.o
       292         32          0          0          0       2116   stm32f1xx_hal_msp.o
      1240         84         18          0          0       4932   stm32f1xx_hal_rcc.o
       978         26          0          0          0       9325   stm32f1xx_hal_tim.o
       108         12          0          0          0       2281   stm32f1xx_hal_tim_ex.o
      1474         10          0          0          0       9628   stm32f1xx_hal_uart.o
        62         18          0          0          0       5213   stm32f1xx_it.o
         2          0         24          4          0       1023   system_stm32f1xx.o

    ----------------------------------------------------------------------
      6532        390        312         36       1792     508028   Object Totals
         0          0         32          0          0          0   (incl. Generated)
        10          0          2          0          0          0   (incl. Padding)

    ----------------------------------------------------------------------

      Code (inc. data)   RO Data    RW Data    ZI Data      Debug   Library Member Name

         8          0          0          0          0         68   __main.o
       392          4         17          0          0         92   __printf_flags_ss_wp.o
        14          0          0          0          0         68   __printf_wp.o
         0          0          0          0          0          0   __rtentry.o
        12          0          0          0          0          0   __rtentry2.o
         6          0          0          0          0          0   __rtentry4.o
        52          8          0          0          0          0   __scatter.o
        26          0          0          0          0          0   __scatter_copy.o
        28          0          0          0          0          0   __scatter_zi.o
         6          0          0          0          0          0   _printf_a.o
         6          0          0          0          0          0   _printf_c.o
        44          0          0          0          0        108   _printf_char.o
        48          6          0          0          0         96   _printf_char_common.o
        40          0          0          0          0         68   _printf_charcount.o
         6          0          0          0          0          0   _printf_d.o
       120         16          0          0          0         92   _printf_dec.o
         6          0          0          0          0          0   _printf_e.o
         6          0          0          0          0          0   _printf_f.o
      1054          0          0          0          0        216   _printf_fp_dec.o
       764          8         38          0          0        100   _printf_fp_hex.o
       128         16          0          0          0         84   _printf_fp_infnan.o
         6          0          0          0          0          0   _printf_g.o
       148          4         40          0          0        160   _printf_hex_int_ll_ptr.o
         6          0          0          0          0          0   _printf_i.o
       178          0          0          0          0         88   _printf_intcommon.o
        10          0          0          0          0          0   _printf_l.o
         6          0          0          0          0          0   _printf_lc.o
        10          0          0          0          0          0   _printf_ll.o
         6          0          0          0          0          0   _printf_lld.o
         6          0          0          0          0          0   _printf_lli.o
         6          0          0          0          0          0   _printf_llo.o
         6          0          0          0          0          0   _printf_llu.o
         6          0          0          0          0          0   _printf_llx.o
       124         16          0          0          0         92   _printf_longlong_dec.o
         6          0          0          0          0          0   _printf_ls.o
         6          0          0          0          0          0   _printf_n.o
         6          0          0          0          0          0   _printf_o.o
       112         10          0          0          0        124   _printf_oct_int_ll.o
         6          0          0          0          0          0   _printf_p.o
        78          0          0          0          0        108   _printf_pad.o
         0          0          0          0          0          0   _printf_percent.o
         4          0          0          0          0          0   _printf_percent_end.o
         6          0          0          0          0          0   _printf_s.o
        82          0          0          0          0         80   _printf_str.o
        36          0          0          0          0         84   _printf_truncate.o
         6          0          0          0          0          0   _printf_u.o
        44          0          0          0          0        108   _printf_wchar.o
       188          6          8          0          0         92   _printf_wctomb.o
         6          0          0          0          0          0   _printf_x.o
        16          0          0          0          0         68   _snputc.o
        10          0          0          0          0         68   _sputc.o
        64          0          0          0          0         92   _wcrtomb.o
       228          4        148          0          0         96   bigflt0.o
      1936        128          0          0          0        672   btod.o
        18          0          0          0          0         80   exit.o
         6          0          0          0          0        152   heapauxi.o
         0          0          0          0          0          0   indicate_semi.o
        44         10        272          0          0         76   lc_ctype_c.o
        44         10         28          0          0         76   lc_numeric_c.o
         2          0          0          0          0          0   libinit.o
        30          0          0          0          0          0   libinit2.o
         2          0          0          0          0          0   libshutdown.o
         2          0          0          0          0          0   libshutdown2.o
         8          4          0          0         96         68   libspace.o
       138          0          0          0          0         80   lludiv10.o
        16          4          0          0          0         76   rt_ctype_table.o
         8          4          0          0          0         68   rt_locale_intlibspace.o
        78          0          0          0          0         80   rt_memclr_w.o
       100          0          0          0          0         80   rt_memcpy_w.o
         2          0          0          0          0          0   rtexit.o
        10          0          0          0          0          0   rtexit2.o
       128          0          0          0          0         68   strcmpv7m.o
        12          4          0          0          0         68   sys_exit.o
        74          0          0          0          0         80   sys_stackheap_outer.o
         2          0          0          0          0         68   use_no_semi.o
        52          4          0          0          0         80   vsnprintf.o
         4          0          0          0          0         68   printf1.o
         4          0          0          0          0         68   printf2.o
         0          0          0          0          0          0   usenofp.o
        40          0          0          0          0         68   fpclassify.o

    ----------------------------------------------------------------------
      6960        266        552          0        100       4328   Library Totals
        12          0          1          0          4          0   (incl. Padding)

    ----------------------------------------------------------------------

      Code (inc. data)   RO Data    RW Data    ZI Data      Debug   Library Name

      6900        266        551          0         96       4124   c_w.l
         8          0          0          0          0        136   fz_ws.l
        40          0          0          0          0         68   m_ws.l

    ----------------------------------------------------------------------
      6960        266        552          0        100       4328   Library Totals

    ----------------------------------------------------------------------

==============================================================================


      Code (inc. data)   RO Data    RW Data    ZI Data      Debug   

     13492        656        864         36       1892     506164   Grand Totals
     13492        656        864         36       1892     506164   ELF Image Totals
     13492        656        864         36          0          0   ROM Totals

==============================================================================

    Total RO  Size (Code + RO Data)                14356 (  14.02kB)
    Total RW  Size (RW Data + ZI Data)              1928 (   1.88kB)
    Total ROM Size (Code + RO Data + RW Data)      14392 (  14.05kB)

==============================================================================

